

================================================================
== Vivado HLS Report for 'pqcrystals_dilithium_3'
================================================================
* Date:           Thu Apr 13 00:01:09 2023

* Version:        2019.2 (Build 2704478 on Wed Nov 06 22:10:23 MST 2019)
* Project:        Phase2
* Solution:       Area
* Product family: artix7
* Target device:  xc7a200t-fbg676-2


================================================================
== Performance Estimates
================================================================
+ Timing: 
    * Summary: 
    +--------+----------+----------+------------+
    |  Clock |  Target  | Estimated| Uncertainty|
    +--------+----------+----------+------------+
    |ap_clk  | 10.00 ns | 7.724 ns |   1.25 ns  |
    +--------+----------+----------+------------+

+ Latency: 
    * Summary: 
    +---------+---------+-----------+-----------+------+------+---------+
    |  Latency (cycles) |   Latency (absolute)  |   Interval  | Pipeline|
    |   min   |   max   |    min    |    max    |  min |  max |   Type  |
    +---------+---------+-----------+-----------+------+------+---------+
    |     7691|     7691| 76.910 us | 76.910 us |  7691|  7691|   none  |
    +---------+---------+-----------+-----------+------+------+---------+

    + Detail: 
        * Instance: 
        N/A

        * Loop: 
        +-------------+---------+---------+----------+-----------+-----------+------+----------+
        |             |  Latency (cycles) | Iteration|  Initiation Interval  | Trip |          |
        |  Loop Name  |   min   |   max   |  Latency |  achieved |   target  | Count| Pipelined|
        +-------------+---------+---------+----------+-----------+-----------+------+----------+
        |- Loop 1     |     1536|     1536|         6|          -|          -|   256|    no    |
        |- Loop 2     |     6153|     6153|      2051|          -|          -|     3|    no    |
        | + Loop 2.1  |     1536|     1536|         6|          -|          -|   256|    no    |
        | + Loop 2.2  |      512|      512|         2|          -|          -|   256|    no    |
        +-------------+---------+---------+----------+-----------+-----------+------+----------+



================================================================
== Utilization Estimates
================================================================
* Summary: 
+-----------------+---------+-------+--------+--------+-----+
|       Name      | BRAM_18K| DSP48E|   FF   |   LUT  | URAM|
+-----------------+---------+-------+--------+--------+-----+
|DSP              |        -|      -|       -|       -|    -|
|Expression       |        -|     16|       0|     492|    -|
|FIFO             |        -|      -|       -|       -|    -|
|Instance         |        -|      -|       -|       -|    -|
|Memory           |        1|      -|       0|       0|    0|
|Multiplexer      |        -|      -|       -|     202|    -|
|Register         |        -|      -|     513|       -|    -|
+-----------------+---------+-------+--------+--------+-----+
|Total            |        1|     16|     513|     694|    0|
+-----------------+---------+-------+--------+--------+-----+
|Available        |      730|    740|  269200|  134600|    0|
+-----------------+---------+-------+--------+--------+-----+
|Utilization (%)  |    ~0   |      2|   ~0   |   ~0   |    0|
+-----------------+---------+-------+--------+--------+-----+

+ Detail: 
    * Instance: 
    N/A

    * DSP48E: 
    N/A

    * Memory: 
    +------------+----------------------+---------+---+----+-----+------+-----+------+-------------+
    |   Memory   |        Module        | BRAM_18K| FF| LUT| URAM| Words| Bits| Banks| W*Bits*Banks|
    +------------+----------------------+---------+---+----+-----+------+-----+------+-------------+
    |t_coeffs_U  |pqcrystals_dilithkbM  |        1|  0|   0|    0|   256|   32|     1|         8192|
    +------------+----------------------+---------+---+----+-----+------+-----+------+-------------+
    |Total       |                      |        1|  0|   0|    0|   256|   32|     1|         8192|
    +------------+----------------------+---------+---+----+-----+------+-----+------+-------------+

    * FIFO: 
    N/A

    * Expression: 
    +------------------------+----------+-------+---+----+------------+------------+
    |      Variable Name     | Operation| DSP48E| FF| LUT| Bitwidth P0| Bitwidth P1|
    +------------------------+----------+-------+---+----+------------+------------+
    |mul_ln181_1_fu_411_p2   |     *    |      2|  0|  21|          23|          32|
    |mul_ln181_fu_264_p2     |     *    |      2|  0|  21|          23|          32|
    |mul_ln19_1_fu_429_p2    |     *    |      2|  0|  21|          24|          32|
    |mul_ln19_fu_291_p2      |     *    |      2|  0|  21|          24|          32|
    |t_5_fu_421_p2           |     *    |      4|  0|  21|          26|          32|
    |t_fu_283_p2             |     *    |      4|  0|  21|          26|          32|
    |add_ln181_1_fu_338_p2   |     +    |      0|  0|  15|           6|           6|
    |add_ln181_2_fu_383_p2   |     +    |      0|  0|  21|          14|          14|
    |add_ln181_3_fu_393_p2   |     +    |      0|  0|  19|          12|          12|
    |add_ln181_fu_278_p2     |     +    |      0|  0|  19|          12|          12|
    |add_ln19_1_fu_446_p2    |     +    |      0|  0|  63|          56|          56|
    |add_ln19_fu_307_p2      |     +    |      0|  0|  63|          56|          56|
    |add_ln88_1_fu_488_p2    |     +    |      0|  0|  19|          12|          12|
    |add_ln88_fu_504_p2      |     +    |      0|  0|  39|          32|          32|
    |i_7_fu_231_p2           |     +    |      0|  0|  16|           9|           1|
    |i_8_fu_369_p2           |     +    |      0|  0|  16|           9|           1|
    |i_9_fu_473_p2           |     +    |      0|  0|  16|           9|           1|
    |i_fu_498_p2             |     +    |      0|  0|  12|           3|           1|
    |icmp_ln137_fu_328_p2    |   icmp   |      0|  0|   9|           3|           4|
    |icmp_ln180_1_fu_363_p2  |   icmp   |      0|  0|  13|           9|          10|
    |icmp_ln180_fu_225_p2    |   icmp   |      0|  0|  13|           9|          10|
    |icmp_ln87_fu_467_p2     |   icmp   |      0|  0|  13|           9|          10|
    +------------------------+----------+-------+---+----+------------+------------+
    |Total                   |          |     16|  0| 492|         406|         430|
    +------------------------+----------+-------+---+----+------------+------------+

    * Multiplexer: 
    +-----------------------+----+-----------+-----+-----------+
    |          Name         | LUT| Input Size| Bits| Total Bits|
    +-----------------------+----+-----------+-----+-----------+
    |ap_NS_fsm              |  85|         17|    1|         17|
    |i_0_i1_reg_170         |   9|          2|    9|         18|
    |i_0_i20_reg_182        |   9|          2|    9|         18|
    |i_0_i_reg_146          |   9|          2|    9|         18|
    |i_0_reg_158            |   9|          2|    3|          6|
    |t_coeffs_address0      |  15|          3|    8|         24|
    |u_vec_coeffs_address0  |  15|          3|   12|         36|
    |v_vec_coeffs_address0  |  15|          3|   10|         30|
    |w_coeffs_address0      |  21|          4|   10|         40|
    |w_coeffs_d0            |  15|          3|   32|         96|
    +-----------------------+----+-----------+-----+-----------+
    |Total                  | 202|         41|  103|        303|
    +-----------------------+----+-----------+-----+-----------+

    * Register: 
    +---------------------------+----+----+-----+-----------+
    |            Name           | FF | LUT| Bits| Const Bits|
    +---------------------------+----+----+-----+-----------+
    |add_ln181_reg_555          |  12|   0|   12|          0|
    |ap_CS_fsm                  |  16|   0|   16|          0|
    |i_0_i1_reg_170             |   9|   0|    9|          0|
    |i_0_i20_reg_182            |   9|   0|    9|          0|
    |i_0_i_reg_146              |   9|   0|    9|          0|
    |i_0_reg_158                |   3|   0|    3|          0|
    |i_7_reg_530                |   9|   0|    9|          0|
    |i_8_reg_586                |   9|   0|    9|          0|
    |i_9_reg_624                |   9|   0|    9|          0|
    |mul_ln181_1_reg_601        |  55|   0|   55|          0|
    |mul_ln181_reg_545          |  55|   0|   55|          0|
    |mul_ln19_1_reg_616         |  55|   0|   55|          0|
    |mul_ln19_reg_565           |  55|   0|   55|          0|
    |reg_193                    |  23|   0|   23|          0|
    |reg_197                    |  32|   0|   32|          0|
    |t_5_reg_611                |  32|   0|   32|          0|
    |t_reg_560                  |  32|   0|   32|          0|
    |tmp_15_cast_reg_573        |   6|   0|   14|          8|
    |trunc_ln18_1_reg_606       |  32|   0|   32|          0|
    |trunc_ln18_reg_550         |  32|   0|   32|          0|
    |w_coeffs_addr_1_reg_629    |  10|   0|   10|          0|
    |zext_ln176_reg_578         |   3|   0|   12|          9|
    |zext_ln181_3_cast_reg_522  |   3|   0|    6|          3|
    |zext_ln181_3_reg_516       |   3|   0|   12|          9|
    +---------------------------+----+----+-----+-----------+
    |Total                      | 513|   0|  542|         29|
    +---------------------------+----+----+-----+-----------+



================================================================
== Interface
================================================================
* Summary: 
+-----------------------+-----+-----+------------+------------------------+--------------+
|       RTL Ports       | Dir | Bits|  Protocol  |      Source Object     |    C Type    |
+-----------------------+-----+-----+------------+------------------------+--------------+
|ap_clk                 |  in |    1| ap_ctrl_hs | pqcrystals_dilithium.3 | return value |
|ap_rst                 |  in |    1| ap_ctrl_hs | pqcrystals_dilithium.3 | return value |
|ap_start               |  in |    1| ap_ctrl_hs | pqcrystals_dilithium.3 | return value |
|ap_done                | out |    1| ap_ctrl_hs | pqcrystals_dilithium.3 | return value |
|ap_idle                | out |    1| ap_ctrl_hs | pqcrystals_dilithium.3 | return value |
|ap_ready               | out |    1| ap_ctrl_hs | pqcrystals_dilithium.3 | return value |
|w_coeffs_address0      | out |   10|  ap_memory |        w_coeffs        |     array    |
|w_coeffs_ce0           | out |    1|  ap_memory |        w_coeffs        |     array    |
|w_coeffs_we0           | out |    1|  ap_memory |        w_coeffs        |     array    |
|w_coeffs_d0            | out |   32|  ap_memory |        w_coeffs        |     array    |
|w_coeffs_q0            |  in |   32|  ap_memory |        w_coeffs        |     array    |
|w_coeffs_offset        |  in |    3|   ap_none  |     w_coeffs_offset    |    scalar    |
|u_vec_coeffs_address0  | out |   12|  ap_memory |      u_vec_coeffs      |     array    |
|u_vec_coeffs_ce0       | out |    1|  ap_memory |      u_vec_coeffs      |     array    |
|u_vec_coeffs_q0        |  in |   23|  ap_memory |      u_vec_coeffs      |     array    |
|v_vec_coeffs_address0  | out |   10|  ap_memory |      v_vec_coeffs      |     array    |
|v_vec_coeffs_ce0       | out |    1|  ap_memory |      v_vec_coeffs      |     array    |
|v_vec_coeffs_q0        |  in |   32|  ap_memory |      v_vec_coeffs      |     array    |
+-----------------------+-----+-----+------------+------------------------+--------------+

