

================================================================
== Vitis HLS Report for 'pqcrystals_dilithium2_ref_pack_sig_1_Pipeline_VITIS_LOOP_176_4_VITIS_LOOP_177_5'
================================================================
* Date:           Fri Mar 10 17:23:34 2023

* Version:        2022.2 (Build 3670227 on Oct 13 2022)
* Project:        crypto_sign
* Solution:       solution2 (Vivado IP Flow Target)
* Product family: artix7
* Target device:  xc7a200t-fbg676-2


================================================================
== Performance Estimates
================================================================
+ Timing: 
    * Summary: 
    +--------+----------+----------+------------+
    |  Clock |  Target  | Estimated| Uncertainty|
    +--------+----------+----------+------------+
    |ap_clk  |  50.00 ns|  7.655 ns|    13.50 ns|
    +--------+----------+----------+------------+

+ Latency: 
    * Summary: 
    +---------+---------+----------+----------+------+------+---------+
    |  Latency (cycles) |  Latency (absolute) |   Interval  | Pipeline|
    |   min   |   max   |    min   |    max   |  min |  max |   Type  |
    +---------+---------+----------+----------+------+------+---------+
    |     2050|     2050|  0.102 ms|  0.102 ms|  2050|  2050|       no|
    +---------+---------+----------+----------+------+------+---------+

    + Detail: 
        * Instance: 
        N/A

        * Loop: 
        +-------------------------------------+---------+---------+----------+-----------+-----------+------+----------+
        |                                     |  Latency (cycles) | Iteration|  Initiation Interval  | Trip |          |
        |              Loop Name              |   min   |   max   |  Latency |  achieved |   target  | Count| Pipelined|
        +-------------------------------------+---------+---------+----------+-----------+-----------+------+----------+
        |- VITIS_LOOP_176_4_VITIS_LOOP_177_5  |     2048|     2048|         3|          2|          1|  1024|       yes|
        +-------------------------------------+---------+---------+----------+-----------+-----------+------+----------+



================================================================
== Utilization Estimates
================================================================
* Summary: 
+-----------------+---------+-----+--------+--------+-----+
|       Name      | BRAM_18K| DSP |   FF   |   LUT  | URAM|
+-----------------+---------+-----+--------+--------+-----+
|DSP              |        -|    -|       -|       -|    -|
|Expression       |        -|    -|       0|     187|    -|
|FIFO             |        -|    -|       -|       -|    -|
|Instance         |        -|    -|       -|       -|    -|
|Memory           |        -|    -|       -|       -|    -|
|Multiplexer      |        -|    -|       -|     138|    -|
|Register         |        -|    -|      74|       -|    -|
+-----------------+---------+-----+--------+--------+-----+
|Total            |        0|    0|      74|     325|    0|
+-----------------+---------+-----+--------+--------+-----+
|Available        |      730|  740|  269200|  134600|    0|
+-----------------+---------+-----+--------+--------+-----+
|Utilization (%)  |        0|    0|      ~0|      ~0|    0|
+-----------------+---------+-----+--------+--------+-----+

+ Detail: 
    * Instance: 
    N/A

    * DSP: 
    N/A

    * Memory: 
    N/A

    * FIFO: 
    N/A

    * Expression: 
    +--------------------------+----------+----+---+----+------------+------------+
    |       Variable Name      | Operation| DSP| FF| LUT| Bitwidth P0| Bitwidth P1|
    +--------------------------+----------+----+---+----+------------+------------+
    |add_ln176_1_fu_140_p2     |         +|   0|  0|  18|          11|           1|
    |add_ln176_fu_152_p2       |         +|   0|  0|  11|           3|           1|
    |add_ln178_fu_196_p2       |         +|   0|  0|  17|          10|          10|
    |add_ln179_fu_254_p2       |         +|   0|  0|  20|          13|          12|
    |j_16_fu_207_p2            |         +|   0|  0|  16|           9|           1|
    |k_fu_244_p2               |         +|   0|  0|  39|          32|           1|
    |icmp_ln176_fu_134_p2      |      icmp|   0|  0|  12|          11|          12|
    |icmp_ln177_fu_158_p2      |      icmp|   0|  0|  11|           9|          10|
    |icmp_ln178_fu_234_p2      |      icmp|   0|  0|  18|          32|           1|
    |ifzero_fu_213_p2          |      icmp|   0|  0|  11|           9|          10|
    |select_ln176_1_fu_172_p3  |    select|   0|  0|   3|           1|           3|
    |select_ln176_fu_164_p3    |    select|   0|  0|   9|           1|           1|
    |ap_enable_pp0             |       xor|   0|  0|   2|           1|           2|
    +--------------------------+----------+----+---+----+------------+------------+
    |Total                     |          |   0|  0| 187|         142|          65|
    +--------------------------+----------+----+---+----+------------+------------+

    * Multiplexer: 
    +---------------------------------------+----+-----------+-----+-----------+
    |                  Name                 | LUT| Input Size| Bits| Total Bits|
    +---------------------------------------+----+-----------+-----+-----------+
    |ap_NS_fsm                              |  13|          3|    1|          3|
    |ap_done_int                            |   9|          2|    1|          2|
    |ap_enable_reg_pp0_iter0                |   9|          2|    1|          2|
    |ap_enable_reg_pp0_iter0_reg            |   9|          2|    1|          2|
    |ap_enable_reg_pp0_iter1                |   9|          2|    1|          2|
    |ap_sig_allocacmp_i_load                |   9|          2|    3|          6|
    |ap_sig_allocacmp_indvar_flatten6_load  |   9|          2|   11|         22|
    |ap_sig_allocacmp_j_load                |   9|          2|    9|         18|
    |i_fu_62                                |   9|          2|    3|          6|
    |indvar_flatten6_fu_66                  |   9|          2|   11|         22|
    |j_fu_58                                |   9|          2|    9|         18|
    |k_13_fu_70                             |   9|          2|   32|         64|
    |sm_address0                            |  13|          3|   13|         39|
    |sm_d0                                  |  13|          3|    8|         24|
    +---------------------------------------+----+-----------+-----+-----------+
    |Total                                  | 138|         31|  104|        230|
    +---------------------------------------+----+-----------+-----+-----------+

    * Register: 
    +-----------------------------+----+----+-----+-----------+
    |             Name            | FF | LUT| Bits| Const Bits|
    +-----------------------------+----+----+-----+-----------+
    |ap_CS_fsm                    |   2|   0|    2|          0|
    |ap_done_reg                  |   1|   0|    1|          0|
    |ap_enable_reg_pp0_iter0_reg  |   1|   0|    1|          0|
    |ap_enable_reg_pp0_iter1      |   1|   0|    1|          0|
    |i_fu_62                      |   3|   0|    3|          0|
    |icmp_ln176_reg_315           |   1|   0|    1|          0|
    |ifzero_reg_334               |   1|   0|    1|          0|
    |indvar_flatten6_fu_66        |  11|   0|   11|          0|
    |j_fu_58                      |   9|   0|    9|          0|
    |k_13_fu_70                   |  32|   0|   32|          0|
    |select_ln176_1_reg_324       |   3|   0|    3|          0|
    |select_ln176_reg_319         |   9|   0|    9|          0|
    +-----------------------------+----+----+-----+-----------+
    |Total                        |  74|   0|   74|          0|
    +-----------------------------+----+----+-----+-----------+



================================================================
== Interface
================================================================
* Summary: 
+-------------+-----+-----+------------+---------------------------------------------------------------------------------+--------------+
|  RTL Ports  | Dir | Bits|  Protocol  |                                  Source Object                                  |    C Type    |
+-------------+-----+-----+------------+---------------------------------------------------------------------------------+--------------+
|ap_clk       |   in|    1|  ap_ctrl_hs|  pqcrystals_dilithium2_ref_pack_sig.1_Pipeline_VITIS_LOOP_176_4_VITIS_LOOP_177_5|  return value|
|ap_rst       |   in|    1|  ap_ctrl_hs|  pqcrystals_dilithium2_ref_pack_sig.1_Pipeline_VITIS_LOOP_176_4_VITIS_LOOP_177_5|  return value|
|ap_start     |   in|    1|  ap_ctrl_hs|  pqcrystals_dilithium2_ref_pack_sig.1_Pipeline_VITIS_LOOP_176_4_VITIS_LOOP_177_5|  return value|
|ap_done      |  out|    1|  ap_ctrl_hs|  pqcrystals_dilithium2_ref_pack_sig.1_Pipeline_VITIS_LOOP_176_4_VITIS_LOOP_177_5|  return value|
|ap_idle      |  out|    1|  ap_ctrl_hs|  pqcrystals_dilithium2_ref_pack_sig.1_Pipeline_VITIS_LOOP_176_4_VITIS_LOOP_177_5|  return value|
|ap_ready     |  out|    1|  ap_ctrl_hs|  pqcrystals_dilithium2_ref_pack_sig.1_Pipeline_VITIS_LOOP_176_4_VITIS_LOOP_177_5|  return value|
|h_address0   |  out|   10|   ap_memory|                                                                                h|         array|
|h_ce0        |  out|    1|   ap_memory|                                                                                h|         array|
|h_q0         |   in|   32|   ap_memory|                                                                                h|         array|
|sm_address0  |  out|   13|   ap_memory|                                                                               sm|         array|
|sm_ce0       |  out|    1|   ap_memory|                                                                               sm|         array|
|sm_we0       |  out|    1|   ap_memory|                                                                               sm|         array|
|sm_d0        |  out|    8|   ap_memory|                                                                               sm|         array|
+-------------+-----+-----+------------+---------------------------------------------------------------------------------+--------------+

