

================================================================
== Vivado HLS Report for 'load64_3'
================================================================
* Date:           Thu Apr 13 22:44:11 2023

* Version:        2019.2 (Build 2704478 on Wed Nov 06 22:10:23 MST 2019)
* Project:        Phase2
* Solution:       Latency
* Product family: artix7
* Target device:  xc7a200t-fbg676-2


================================================================
== Performance Estimates
================================================================
+ Timing: 
    * Summary: 
    +--------+----------+----------+------------+
    |  Clock |  Target  | Estimated| Uncertainty|
    +--------+----------+----------+------------+
    |ap_clk  | 10.00 ns | 4.582 ns |   1.25 ns  |
    +--------+----------+----------+------------+

+ Latency: 
    * Summary: 
    +---------+---------+-----------+-----------+-----+-----+---------+
    |  Latency (cycles) |   Latency (absolute)  |  Interval | Pipeline|
    |   min   |   max   |    min    |    max    | min | max |   Type  |
    +---------+---------+-----------+-----------+-----+-----+---------+
    |        4|        4| 40.000 ns | 40.000 ns |    4|    4|   none  |
    +---------+---------+-----------+-----------+-----+-----+---------+

    + Detail: 
        * Instance: 
        N/A

        * Loop: 
        N/A



================================================================
== Utilization Estimates
================================================================
* Summary: 
+-----------------+---------+-------+--------+--------+-----+
|       Name      | BRAM_18K| DSP48E|   FF   |   LUT  | URAM|
+-----------------+---------+-------+--------+--------+-----+
|DSP              |        -|      -|       -|       -|    -|
|Expression       |        -|      -|       0|     147|    -|
|FIFO             |        -|      -|       -|       -|    -|
|Instance         |        -|      -|       -|       -|    -|
|Memory           |        -|      -|       -|       -|    -|
|Multiplexer      |        -|      -|       -|      96|    -|
|Register         |        -|      -|     131|       -|    -|
+-----------------+---------+-------+--------+--------+-----+
|Total            |        0|      0|     131|     243|    0|
+-----------------+---------+-------+--------+--------+-----+
|Available        |      730|    740|  269200|  134600|    0|
+-----------------+---------+-------+--------+--------+-----+
|Utilization (%)  |        0|      0|   ~0   |   ~0   |    0|
+-----------------+---------+-------+--------+--------+-----+

+ Detail: 
    * Instance: 
    N/A

    * DSP48E: 
    N/A

    * Memory: 
    N/A

    * FIFO: 
    N/A

    * Expression: 
    +----------------------+----------+-------+---+----+------------+------------+
    |     Variable Name    | Operation| DSP48E| FF| LUT| Bitwidth P0| Bitwidth P1|
    +----------------------+----------+-------+---+----+------------+------------+
    |add_ln31_1_fu_119_p2  |     +    |      0|  0|  21|           2|          14|
    |add_ln31_2_fu_129_p2  |     +    |      0|  0|  21|           2|          14|
    |add_ln31_3_fu_139_p2  |     +    |      0|  0|  21|           3|          14|
    |add_ln31_4_fu_149_p2  |     +    |      0|  0|  21|           3|          14|
    |add_ln31_5_fu_159_p2  |     +    |      0|  0|  21|           3|          14|
    |add_ln31_6_fu_169_p2  |     +    |      0|  0|  21|           3|          14|
    |add_ln31_fu_108_p2    |     +    |      0|  0|  21|           1|          14|
    +----------------------+----------+-------+---+----+------------+------------+
    |Total                 |          |      0|  0| 147|          17|          98|
    +----------------------+----------+-------+---+----+------------+------------+

    * Multiplexer: 
    +------------+----+-----------+-----+-----------+
    |    Name    | LUT| Input Size| Bits| Total Bits|
    +------------+----+-----------+-----+-----------+
    |ap_NS_fsm   |  33|          6|    1|          6|
    |ap_return   |   9|          2|   64|        128|
    |x_address0  |  27|          5|   13|         65|
    |x_address1  |  27|          5|   13|         65|
    +------------+----+-----------+-----+-----------+
    |Total       |  96|         18|   91|        264|
    +------------+----+-----------+-----+-----------+

    * Register: 
    +--------------------+----+----+-----+-----------+
    |        Name        | FF | LUT| Bits| Const Bits|
    +--------------------+----+----+-----+-----------+
    |ap_CS_fsm           |   5|   0|    5|          0|
    |ap_return_preg      |  64|   0|   64|          0|
    |trunc_ln31_reg_198  |  14|   0|   14|          0|
    |x_load_1_reg_218    |   8|   0|    8|          0|
    |x_load_2_reg_233    |   8|   0|    8|          0|
    |x_load_3_reg_238    |   8|   0|    8|          0|
    |x_load_4_reg_253    |   8|   0|    8|          0|
    |x_load_5_reg_258    |   8|   0|    8|          0|
    |x_load_reg_213      |   8|   0|    8|          0|
    +--------------------+----+----+-----+-----------+
    |Total               | 131|   0|  131|          0|
    +--------------------+----+----+-----+-----------+



================================================================
== Interface
================================================================
* Summary: 
+------------+-----+-----+------------+--------------+--------------+
|  RTL Ports | Dir | Bits|  Protocol  | Source Object|    C Type    |
+------------+-----+-----+------------+--------------+--------------+
|ap_clk      |  in |    1| ap_ctrl_hs |   load64.3   | return value |
|ap_rst      |  in |    1| ap_ctrl_hs |   load64.3   | return value |
|ap_start    |  in |    1| ap_ctrl_hs |   load64.3   | return value |
|ap_done     | out |    1| ap_ctrl_hs |   load64.3   | return value |
|ap_idle     | out |    1| ap_ctrl_hs |   load64.3   | return value |
|ap_ready    | out |    1| ap_ctrl_hs |   load64.3   | return value |
|ap_return   | out |   64| ap_ctrl_hs |   load64.3   | return value |
|x_address0  | out |   13|  ap_memory |       x      |     array    |
|x_ce0       | out |    1|  ap_memory |       x      |     array    |
|x_q0        |  in |    8|  ap_memory |       x      |     array    |
|x_address1  | out |   13|  ap_memory |       x      |     array    |
|x_ce1       | out |    1|  ap_memory |       x      |     array    |
|x_q1        |  in |    8|  ap_memory |       x      |     array    |
|x_offset    |  in |   64|   ap_none  |   x_offset   |    scalar    |
+------------+-----+-----+------------+--------------+--------------+

