

================================================================
== Vivado HLS Report for 'pqcrystals_dilithium_23'
================================================================
* Date:           Thu Apr 13 22:47:57 2023

* Version:        2019.2 (Build 2704478 on Wed Nov 06 22:10:23 MST 2019)
* Project:        Phase2
* Solution:       Latency
* Product family: artix7
* Target device:  xc7a200t-fbg676-2


================================================================
== Performance Estimates
================================================================
+ Timing: 
    * Summary: 
    +--------+----------+----------+------------+
    |  Clock |  Target  | Estimated| Uncertainty|
    +--------+----------+----------+------------+
    |ap_clk  | 10.00 ns | 8.524 ns |   1.25 ns  |
    +--------+----------+----------+------------+

+ Latency: 
    * Summary: 
    +---------+---------+----------+----------+-----+-----+---------+
    |  Latency (cycles) |  Latency (absolute) |  Interval | Pipeline|
    |   min   |   max   |    min   |    max   | min | max |   Type  |
    +---------+---------+----------+----------+-----+-----+---------+
    |      641|      641| 6.410 us | 6.410 us |  641|  641|   none  |
    +---------+---------+----------+----------+-----+-----+---------+

    + Detail: 
        * Instance: 
        N/A

        * Loop: 
        +----------+---------+---------+----------+-----------+-----------+------+----------+
        |          |  Latency (cycles) | Iteration|  Initiation Interval  | Trip |          |
        | Loop Name|   min   |   max   |  Latency |  achieved |   target  | Count| Pipelined|
        +----------+---------+---------+----------+-----------+-----------+------+----------+
        |- Loop 1  |      640|      640|        10|          -|          -|    64|    no    |
        +----------+---------+---------+----------+-----------+-----------+------+----------+



================================================================
== Utilization Estimates
================================================================
* Summary: 
+-----------------+---------+-------+--------+--------+-----+
|       Name      | BRAM_18K| DSP48E|   FF   |   LUT  | URAM|
+-----------------+---------+-------+--------+--------+-----+
|DSP              |        -|      -|       -|       -|    -|
|Expression       |        -|      -|       0|     437|    -|
|FIFO             |        -|      -|       -|       -|    -|
|Instance         |        -|      -|       -|       -|    -|
|Memory           |        -|      -|       -|       -|    -|
|Multiplexer      |        -|      -|       -|     183|    -|
|Register         |        -|      -|     141|       -|    -|
+-----------------+---------+-------+--------+--------+-----+
|Total            |        0|      0|     141|     620|    0|
+-----------------+---------+-------+--------+--------+-----+
|Available        |      730|    740|  269200|  134600|    0|
+-----------------+---------+-------+--------+--------+-----+
|Utilization (%)  |        0|      0|   ~0   |   ~0   |    0|
+-----------------+---------+-------+--------+--------+-----+

+ Detail: 
    * Instance: 
    N/A

    * DSP48E: 
    N/A

    * Memory: 
    N/A

    * FIFO: 
    N/A

    * Expression: 
    +-----------------------+----------+-------+---+----+------------+------------+
    |     Variable Name     | Operation| DSP48E| FF| LUT| Bitwidth P0| Bitwidth P1|
    +-----------------------+----------+-------+---+----+------------+------------+
    |add_ln810_1_fu_308_p2  |     +    |      0|  0|  19|          12|          12|
    |add_ln810_fu_299_p2    |     +    |      0|  0|  17|          10|          10|
    |add_ln811_1_fu_372_p2  |     +    |      0|  0|  19|          12|          12|
    |add_ln811_fu_363_p2    |     +    |      0|  0|  17|           1|          10|
    |add_ln812_1_fu_391_p2  |     +    |      0|  0|  19|          12|          12|
    |add_ln812_fu_382_p2    |     +    |      0|  0|  17|           2|          10|
    |add_ln814_1_fu_465_p2  |     +    |      0|  0|  19|          12|          12|
    |add_ln814_fu_456_p2    |     +    |      0|  0|  17|           2|          10|
    |add_ln815_1_fu_484_p2  |     +    |      0|  0|  19|          12|          12|
    |add_ln815_fu_475_p2    |     +    |      0|  0|  17|           3|          10|
    |add_ln817_1_fu_558_p2  |     +    |      0|  0|  19|          12|          12|
    |add_ln817_fu_549_p2    |     +    |      0|  0|  17|           3|          10|
    |add_ln818_1_fu_577_p2  |     +    |      0|  0|  19|          12|          12|
    |add_ln818_fu_568_p2    |     +    |      0|  0|  17|           3|          10|
    |add_ln820_1_fu_634_p2  |     +    |      0|  0|  19|          12|          12|
    |add_ln820_fu_625_p2    |     +    |      0|  0|  17|           3|          10|
    |add_ln821_1_fu_653_p2  |     +    |      0|  0|  19|          12|          12|
    |add_ln821_fu_644_p2    |     +    |      0|  0|  17|           4|          10|
    |i_fu_259_p2            |     +    |      0|  0|  15|           7|           1|
    |grp_fu_239_p2          |     -    |      0|  0|  39|          18|          32|
    |icmp_ln804_fu_253_p2   |   icmp   |      0|  0|  11|           7|           8|
    |or_ln806_fu_345_p2     |    or    |      0|  0|   8|           8|           1|
    |or_ln807_fu_439_p2     |    or    |      0|  0|   8|           8|           2|
    |or_ln808_fu_532_p2     |    or    |      0|  0|   8|           8|           2|
    |or_ln813_fu_413_p2     |    or    |      0|  0|   8|           8|           8|
    |or_ln816_fu_506_p2     |    or    |      0|  0|   8|           8|           8|
    |or_ln819_fu_599_p2     |    or    |      0|  0|   8|           8|           8|
    +-----------------------+----------+-------+---+----+------------+------------+
    |Total                  |          |      0|  0| 437|         219|         268|
    +-----------------------+----------+-------+---+----+------------+------------+

    * Multiplexer: 
    +-------------------+----+-----------+-----+-----------+
    |        Name       | LUT| Input Size| Bits| Total Bits|
    +-------------------+----+-----------+-----+-----------+
    |a_coeffs_address0  |  27|          5|   10|         50|
    |ap_NS_fsm          |  53|         12|    1|         12|
    |i_0_reg_228        |   9|          2|    7|         14|
    |r_address0         |  47|         10|   13|        130|
    |r_d0               |  47|         10|    8|         80|
    +-------------------+----+-----------+-----+-----------+
    |Total              | 183|         39|   39|        286|
    +-------------------+----+-----------+-----+-----------+

    * Register: 
    +----------------------+----+----+-----+-----------+
    |         Name         | FF | LUT| Bits| Const Bits|
    +----------------------+----+----+-----+-----------+
    |add_ln810_reg_707     |  10|   0|   10|          0|
    |add_ln821_1_reg_780   |  12|   0|   12|          0|
    |ap_CS_fsm             |  11|   0|   11|          0|
    |i_0_reg_228           |   7|   0|    7|          0|
    |i_reg_691             |   7|   0|    7|          0|
    |shl_ln_reg_729        |   6|   0|    8|          2|
    |trunc_ln1_reg_724     |   8|   0|    8|          0|
    |trunc_ln2_reg_740     |   8|   0|    8|          0|
    |trunc_ln3_reg_745     |   8|   0|    8|          0|
    |trunc_ln4_reg_755     |   8|   0|    8|          0|
    |trunc_ln5_reg_760     |   8|   0|    8|          0|
    |trunc_ln6_reg_770     |   8|   0|    8|          0|
    |trunc_ln7_reg_775     |   8|   0|    8|          0|
    |trunc_ln805_reg_696   |   6|   0|    6|          0|
    |trunc_ln_reg_719      |   8|   0|    8|          0|
    |zext_ln804_reg_683    |   7|   0|   10|          3|
    |zext_ln810_2_reg_670  |  11|   0|   12|          1|
    +----------------------+----+----+-----+-----------+
    |Total                 | 141|   0|  147|          6|
    +----------------------+----+----+-----+-----------+



================================================================
== Interface
================================================================
* Summary: 
+-------------------+-----+-----+------------+-------------------------+--------------+
|     RTL Ports     | Dir | Bits|  Protocol  |      Source Object      |    C Type    |
+-------------------+-----+-----+------------+-------------------------+--------------+
|ap_clk             |  in |    1| ap_ctrl_hs | pqcrystals_dilithium.23 | return value |
|ap_rst             |  in |    1| ap_ctrl_hs | pqcrystals_dilithium.23 | return value |
|ap_start           |  in |    1| ap_ctrl_hs | pqcrystals_dilithium.23 | return value |
|ap_done            | out |    1| ap_ctrl_hs | pqcrystals_dilithium.23 | return value |
|ap_idle            | out |    1| ap_ctrl_hs | pqcrystals_dilithium.23 | return value |
|ap_ready           | out |    1| ap_ctrl_hs | pqcrystals_dilithium.23 | return value |
|r_address0         | out |   13|  ap_memory |            r            |     array    |
|r_ce0              | out |    1|  ap_memory |            r            |     array    |
|r_we0              | out |    1|  ap_memory |            r            |     array    |
|r_d0               | out |    8|  ap_memory |            r            |     array    |
|r_offset           |  in |   11|   ap_none  |         r_offset        |    scalar    |
|a_coeffs_address0  | out |   10|  ap_memory |         a_coeffs        |     array    |
|a_coeffs_ce0       | out |    1|  ap_memory |         a_coeffs        |     array    |
|a_coeffs_q0        |  in |   32|  ap_memory |         a_coeffs        |     array    |
|a_coeffs_offset    |  in |    3|   ap_none  |     a_coeffs_offset     |    scalar    |
+-------------------+-----+-----+------------+-------------------------+--------------+

