

================================================================
== Vivado HLS Report for 'pqcrystals_dilithium_16'
================================================================
* Date:           Thu Apr 13 22:46:29 2023

* Version:        2019.2 (Build 2704478 on Wed Nov 06 22:10:23 MST 2019)
* Project:        Phase2
* Solution:       Latency
* Product family: artix7
* Target device:  xc7a200t-fbg676-2


================================================================
== Performance Estimates
================================================================
+ Timing: 
    * Summary: 
    +--------+----------+----------+------------+
    |  Clock |  Target  | Estimated| Uncertainty|
    +--------+----------+----------+------------+
    |ap_clk  | 10.00 ns | 4.952 ns |   1.25 ns  |
    +--------+----------+----------+------------+

+ Latency: 
    * Summary: 
    +---------+---------+----------+----------+-----+-----+----------+
    |  Latency (cycles) |  Latency (absolute) |  Interval | Pipeline |
    |   min   |   max   |    min   |    max   | min | max |   Type   |
    +---------+---------+----------+----------+-----+-----+----------+
    |      255|      255| 2.550 us | 2.550 us |  256|  256| function |
    +---------+---------+----------+----------+-----+-----+----------+

    + Detail: 
        * Instance: 
        N/A

        * Loop: 
        N/A



================================================================
== Utilization Estimates
================================================================
* Summary: 
+-----------------+---------+-------+--------+--------+-----+
|       Name      | BRAM_18K| DSP48E|   FF   |   LUT  | URAM|
+-----------------+---------+-------+--------+--------+-----+
|DSP              |        -|      -|       -|       -|    -|
|Expression       |        -|      -|       0|    2883|    -|
|FIFO             |        -|      -|       -|       -|    -|
|Instance         |        -|      -|       -|       -|    -|
|Memory           |        -|      -|       -|       -|    -|
|Multiplexer      |        -|      -|       -|    5771|    -|
|Register         |        -|      -|    8899|       -|    -|
+-----------------+---------+-------+--------+--------+-----+
|Total            |        0|      0|    8899|    8654|    0|
+-----------------+---------+-------+--------+--------+-----+
|Available        |      730|    740|  269200|  134600|    0|
+-----------------+---------+-------+--------+--------+-----+
|Utilization (%)  |        0|      0|       3|       6|    0|
+-----------------+---------+-------+--------+--------+-----+

+ Detail: 
    * Instance: 
    N/A

    * DSP48E: 
    N/A

    * Memory: 
    N/A

    * FIFO: 
    N/A

    * Expression: 
    +------------------------+----------+-------+---+----+------------+------------+
    |      Variable Name     | Operation| DSP48E| FF| LUT| Bitwidth P0| Bitwidth P1|
    +------------------------+----------+-------+---+----+------------+------------+
    |grp_fu_5414_p2          |     +    |      0|  0|  39|          32|          32|
    |grp_fu_5420_p2          |     +    |      0|  0|  39|          32|          32|
    |or_ln88_100_fu_6850_p2  |    or    |      0|  0|  11|          11|           7|
    |or_ln88_101_fu_6864_p2  |    or    |      0|  0|  11|          11|           7|
    |or_ln88_102_fu_6878_p2  |    or    |      0|  0|  11|          11|           7|
    |or_ln88_103_fu_6892_p2  |    or    |      0|  0|  11|          11|           7|
    |or_ln88_104_fu_6906_p2  |    or    |      0|  0|  11|          11|           7|
    |or_ln88_105_fu_6920_p2  |    or    |      0|  0|  11|          11|           7|
    |or_ln88_106_fu_6934_p2  |    or    |      0|  0|  11|          11|           7|
    |or_ln88_107_fu_6948_p2  |    or    |      0|  0|  11|          11|           7|
    |or_ln88_108_fu_6962_p2  |    or    |      0|  0|  11|          11|           7|
    |or_ln88_109_fu_6976_p2  |    or    |      0|  0|  11|          11|           7|
    |or_ln88_10_fu_5590_p2   |    or    |      0|  0|  11|          11|           4|
    |or_ln88_110_fu_6990_p2  |    or    |      0|  0|  11|          11|           7|
    |or_ln88_111_fu_7004_p2  |    or    |      0|  0|  11|          11|           7|
    |or_ln88_112_fu_7018_p2  |    or    |      0|  0|  11|          11|           7|
    |or_ln88_113_fu_7032_p2  |    or    |      0|  0|  11|          11|           7|
    |or_ln88_114_fu_7046_p2  |    or    |      0|  0|  11|          11|           7|
    |or_ln88_115_fu_7060_p2  |    or    |      0|  0|  11|          11|           7|
    |or_ln88_116_fu_7074_p2  |    or    |      0|  0|  11|          11|           7|
    |or_ln88_117_fu_7088_p2  |    or    |      0|  0|  11|          11|           7|
    |or_ln88_118_fu_7102_p2  |    or    |      0|  0|  11|          11|           7|
    |or_ln88_119_fu_7116_p2  |    or    |      0|  0|  11|          11|           7|
    |or_ln88_11_fu_5604_p2   |    or    |      0|  0|  11|          11|           4|
    |or_ln88_120_fu_7130_p2  |    or    |      0|  0|  11|          11|           7|
    |or_ln88_121_fu_7144_p2  |    or    |      0|  0|  11|          11|           7|
    |or_ln88_122_fu_7158_p2  |    or    |      0|  0|  11|          11|           7|
    |or_ln88_123_fu_7172_p2  |    or    |      0|  0|  11|          11|           7|
    |or_ln88_124_fu_7186_p2  |    or    |      0|  0|  11|          11|           7|
    |or_ln88_125_fu_7200_p2  |    or    |      0|  0|  11|          11|           7|
    |or_ln88_126_fu_7214_p2  |    or    |      0|  0|  11|          11|           7|
    |or_ln88_127_fu_7228_p2  |    or    |      0|  0|  11|          11|           8|
    |or_ln88_128_fu_7242_p2  |    or    |      0|  0|  11|          11|           8|
    |or_ln88_129_fu_7256_p2  |    or    |      0|  0|  11|          11|           8|
    |or_ln88_12_fu_5618_p2   |    or    |      0|  0|  11|          11|           4|
    |or_ln88_130_fu_7270_p2  |    or    |      0|  0|  11|          11|           8|
    |or_ln88_131_fu_7284_p2  |    or    |      0|  0|  11|          11|           8|
    |or_ln88_132_fu_7298_p2  |    or    |      0|  0|  11|          11|           8|
    |or_ln88_133_fu_7312_p2  |    or    |      0|  0|  11|          11|           8|
    |or_ln88_134_fu_7326_p2  |    or    |      0|  0|  11|          11|           8|
    |or_ln88_135_fu_7340_p2  |    or    |      0|  0|  11|          11|           8|
    |or_ln88_136_fu_7354_p2  |    or    |      0|  0|  11|          11|           8|
    |or_ln88_137_fu_7368_p2  |    or    |      0|  0|  11|          11|           8|
    |or_ln88_138_fu_7382_p2  |    or    |      0|  0|  11|          11|           8|
    |or_ln88_139_fu_7396_p2  |    or    |      0|  0|  11|          11|           8|
    |or_ln88_13_fu_5632_p2   |    or    |      0|  0|  11|          11|           4|
    |or_ln88_140_fu_7410_p2  |    or    |      0|  0|  11|          11|           8|
    |or_ln88_141_fu_7424_p2  |    or    |      0|  0|  11|          11|           8|
    |or_ln88_142_fu_7438_p2  |    or    |      0|  0|  11|          11|           8|
    |or_ln88_143_fu_7452_p2  |    or    |      0|  0|  11|          11|           8|
    |or_ln88_144_fu_7466_p2  |    or    |      0|  0|  11|          11|           8|
    |or_ln88_145_fu_7480_p2  |    or    |      0|  0|  11|          11|           8|
    |or_ln88_146_fu_7494_p2  |    or    |      0|  0|  11|          11|           8|
    |or_ln88_147_fu_7508_p2  |    or    |      0|  0|  11|          11|           8|
    |or_ln88_148_fu_7522_p2  |    or    |      0|  0|  11|          11|           8|
    |or_ln88_149_fu_7536_p2  |    or    |      0|  0|  11|          11|           8|
    |or_ln88_14_fu_5646_p2   |    or    |      0|  0|  11|          11|           4|
    |or_ln88_150_fu_7550_p2  |    or    |      0|  0|  11|          11|           8|
    |or_ln88_151_fu_7564_p2  |    or    |      0|  0|  11|          11|           8|
    |or_ln88_152_fu_7578_p2  |    or    |      0|  0|  11|          11|           8|
    |or_ln88_153_fu_7592_p2  |    or    |      0|  0|  11|          11|           8|
    |or_ln88_154_fu_7606_p2  |    or    |      0|  0|  11|          11|           8|
    |or_ln88_155_fu_7620_p2  |    or    |      0|  0|  11|          11|           8|
    |or_ln88_156_fu_7634_p2  |    or    |      0|  0|  11|          11|           8|
    |or_ln88_157_fu_7648_p2  |    or    |      0|  0|  11|          11|           8|
    |or_ln88_158_fu_7662_p2  |    or    |      0|  0|  11|          11|           8|
    |or_ln88_159_fu_7676_p2  |    or    |      0|  0|  11|          11|           8|
    |or_ln88_15_fu_5660_p2   |    or    |      0|  0|  11|          11|           5|
    |or_ln88_160_fu_7690_p2  |    or    |      0|  0|  11|          11|           8|
    |or_ln88_161_fu_7704_p2  |    or    |      0|  0|  11|          11|           8|
    |or_ln88_162_fu_7718_p2  |    or    |      0|  0|  11|          11|           8|
    |or_ln88_163_fu_7732_p2  |    or    |      0|  0|  11|          11|           8|
    |or_ln88_164_fu_7746_p2  |    or    |      0|  0|  11|          11|           8|
    |or_ln88_165_fu_7760_p2  |    or    |      0|  0|  11|          11|           8|
    |or_ln88_166_fu_7774_p2  |    or    |      0|  0|  11|          11|           8|
    |or_ln88_167_fu_7788_p2  |    or    |      0|  0|  11|          11|           8|
    |or_ln88_168_fu_7802_p2  |    or    |      0|  0|  11|          11|           8|
    |or_ln88_169_fu_7816_p2  |    or    |      0|  0|  11|          11|           8|
    |or_ln88_16_fu_5674_p2   |    or    |      0|  0|  11|          11|           5|
    |or_ln88_170_fu_7830_p2  |    or    |      0|  0|  11|          11|           8|
    |or_ln88_171_fu_7844_p2  |    or    |      0|  0|  11|          11|           8|
    |or_ln88_172_fu_7858_p2  |    or    |      0|  0|  11|          11|           8|
    |or_ln88_173_fu_7872_p2  |    or    |      0|  0|  11|          11|           8|
    |or_ln88_174_fu_7886_p2  |    or    |      0|  0|  11|          11|           8|
    |or_ln88_175_fu_7900_p2  |    or    |      0|  0|  11|          11|           8|
    |or_ln88_176_fu_7914_p2  |    or    |      0|  0|  11|          11|           8|
    |or_ln88_177_fu_7928_p2  |    or    |      0|  0|  11|          11|           8|
    |or_ln88_178_fu_7942_p2  |    or    |      0|  0|  11|          11|           8|
    |or_ln88_179_fu_7956_p2  |    or    |      0|  0|  11|          11|           8|
    |or_ln88_17_fu_5688_p2   |    or    |      0|  0|  11|          11|           5|
    |or_ln88_180_fu_7970_p2  |    or    |      0|  0|  11|          11|           8|
    |or_ln88_181_fu_7984_p2  |    or    |      0|  0|  11|          11|           8|
    |or_ln88_182_fu_7998_p2  |    or    |      0|  0|  11|          11|           8|
    |or_ln88_183_fu_8012_p2  |    or    |      0|  0|  11|          11|           8|
    |or_ln88_184_fu_8026_p2  |    or    |      0|  0|  11|          11|           8|
    |or_ln88_185_fu_8040_p2  |    or    |      0|  0|  11|          11|           8|
    |or_ln88_186_fu_8054_p2  |    or    |      0|  0|  11|          11|           8|
    |or_ln88_187_fu_8068_p2  |    or    |      0|  0|  11|          11|           8|
    |or_ln88_188_fu_8082_p2  |    or    |      0|  0|  11|          11|           8|
    |or_ln88_189_fu_8096_p2  |    or    |      0|  0|  11|          11|           8|
    |or_ln88_18_fu_5702_p2   |    or    |      0|  0|  11|          11|           5|
    |or_ln88_190_fu_8110_p2  |    or    |      0|  0|  11|          11|           8|
    |or_ln88_191_fu_8124_p2  |    or    |      0|  0|  11|          11|           8|
    |or_ln88_192_fu_8138_p2  |    or    |      0|  0|  11|          11|           8|
    |or_ln88_193_fu_8152_p2  |    or    |      0|  0|  11|          11|           8|
    |or_ln88_194_fu_8166_p2  |    or    |      0|  0|  11|          11|           8|
    |or_ln88_195_fu_8180_p2  |    or    |      0|  0|  11|          11|           8|
    |or_ln88_196_fu_8194_p2  |    or    |      0|  0|  11|          11|           8|
    |or_ln88_197_fu_8208_p2  |    or    |      0|  0|  11|          11|           8|
    |or_ln88_198_fu_8222_p2  |    or    |      0|  0|  11|          11|           8|
    |or_ln88_199_fu_8236_p2  |    or    |      0|  0|  11|          11|           8|
    |or_ln88_19_fu_5716_p2   |    or    |      0|  0|  11|          11|           5|
    |or_ln88_1_fu_5464_p2    |    or    |      0|  0|  11|          11|           2|
    |or_ln88_200_fu_8250_p2  |    or    |      0|  0|  11|          11|           8|
    |or_ln88_201_fu_8264_p2  |    or    |      0|  0|  11|          11|           8|
    |or_ln88_202_fu_8278_p2  |    or    |      0|  0|  11|          11|           8|
    |or_ln88_203_fu_8292_p2  |    or    |      0|  0|  11|          11|           8|
    |or_ln88_204_fu_8306_p2  |    or    |      0|  0|  11|          11|           8|
    |or_ln88_205_fu_8320_p2  |    or    |      0|  0|  11|          11|           8|
    |or_ln88_206_fu_8334_p2  |    or    |      0|  0|  11|          11|           8|
    |or_ln88_207_fu_8348_p2  |    or    |      0|  0|  11|          11|           8|
    |or_ln88_208_fu_8362_p2  |    or    |      0|  0|  11|          11|           8|
    |or_ln88_209_fu_8376_p2  |    or    |      0|  0|  11|          11|           8|
    |or_ln88_20_fu_5730_p2   |    or    |      0|  0|  11|          11|           5|
    |or_ln88_210_fu_8390_p2  |    or    |      0|  0|  11|          11|           8|
    |or_ln88_211_fu_8404_p2  |    or    |      0|  0|  11|          11|           8|
    |or_ln88_212_fu_8418_p2  |    or    |      0|  0|  11|          11|           8|
    |or_ln88_213_fu_8432_p2  |    or    |      0|  0|  11|          11|           8|
    |or_ln88_214_fu_8446_p2  |    or    |      0|  0|  11|          11|           8|
    |or_ln88_215_fu_8460_p2  |    or    |      0|  0|  11|          11|           8|
    |or_ln88_216_fu_8474_p2  |    or    |      0|  0|  11|          11|           8|
    |or_ln88_217_fu_8488_p2  |    or    |      0|  0|  11|          11|           8|
    |or_ln88_218_fu_8502_p2  |    or    |      0|  0|  11|          11|           8|
    |or_ln88_219_fu_8516_p2  |    or    |      0|  0|  11|          11|           8|
    |or_ln88_21_fu_5744_p2   |    or    |      0|  0|  11|          11|           5|
    |or_ln88_220_fu_8530_p2  |    or    |      0|  0|  11|          11|           8|
    |or_ln88_221_fu_8544_p2  |    or    |      0|  0|  11|          11|           8|
    |or_ln88_222_fu_8558_p2  |    or    |      0|  0|  11|          11|           8|
    |or_ln88_223_fu_8572_p2  |    or    |      0|  0|  11|          11|           8|
    |or_ln88_224_fu_8586_p2  |    or    |      0|  0|  11|          11|           8|
    |or_ln88_225_fu_8600_p2  |    or    |      0|  0|  11|          11|           8|
    |or_ln88_226_fu_8614_p2  |    or    |      0|  0|  11|          11|           8|
    |or_ln88_227_fu_8628_p2  |    or    |      0|  0|  11|          11|           8|
    |or_ln88_228_fu_8642_p2  |    or    |      0|  0|  11|          11|           8|
    |or_ln88_229_fu_8656_p2  |    or    |      0|  0|  11|          11|           8|
    |or_ln88_22_fu_5758_p2   |    or    |      0|  0|  11|          11|           5|
    |or_ln88_230_fu_8670_p2  |    or    |      0|  0|  11|          11|           8|
    |or_ln88_231_fu_8684_p2  |    or    |      0|  0|  11|          11|           8|
    |or_ln88_232_fu_8698_p2  |    or    |      0|  0|  11|          11|           8|
    |or_ln88_233_fu_8712_p2  |    or    |      0|  0|  11|          11|           8|
    |or_ln88_234_fu_8726_p2  |    or    |      0|  0|  11|          11|           8|
    |or_ln88_235_fu_8740_p2  |    or    |      0|  0|  11|          11|           8|
    |or_ln88_236_fu_8754_p2  |    or    |      0|  0|  11|          11|           8|
    |or_ln88_237_fu_8768_p2  |    or    |      0|  0|  11|          11|           8|
    |or_ln88_238_fu_8782_p2  |    or    |      0|  0|  11|          11|           8|
    |or_ln88_239_fu_8796_p2  |    or    |      0|  0|  11|          11|           8|
    |or_ln88_23_fu_5772_p2   |    or    |      0|  0|  11|          11|           5|
    |or_ln88_240_fu_8810_p2  |    or    |      0|  0|  11|          11|           8|
    |or_ln88_241_fu_8824_p2  |    or    |      0|  0|  11|          11|           8|
    |or_ln88_242_fu_8838_p2  |    or    |      0|  0|  11|          11|           8|
    |or_ln88_243_fu_8852_p2  |    or    |      0|  0|  11|          11|           8|
    |or_ln88_244_fu_8866_p2  |    or    |      0|  0|  11|          11|           8|
    |or_ln88_245_fu_8880_p2  |    or    |      0|  0|  11|          11|           8|
    |or_ln88_246_fu_8894_p2  |    or    |      0|  0|  11|          11|           8|
    |or_ln88_247_fu_8908_p2  |    or    |      0|  0|  11|          11|           8|
    |or_ln88_248_fu_8922_p2  |    or    |      0|  0|  11|          11|           8|
    |or_ln88_249_fu_8936_p2  |    or    |      0|  0|  11|          11|           8|
    |or_ln88_24_fu_5786_p2   |    or    |      0|  0|  11|          11|           5|
    |or_ln88_250_fu_8950_p2  |    or    |      0|  0|  11|          11|           8|
    |or_ln88_251_fu_8964_p2  |    or    |      0|  0|  11|          11|           8|
    |or_ln88_252_fu_8978_p2  |    or    |      0|  0|  11|          11|           8|
    |or_ln88_253_fu_8992_p2  |    or    |      0|  0|  11|          11|           8|
    |or_ln88_254_fu_9006_p2  |    or    |      0|  0|  11|          11|           8|
    |or_ln88_25_fu_5800_p2   |    or    |      0|  0|  11|          11|           5|
    |or_ln88_26_fu_5814_p2   |    or    |      0|  0|  11|          11|           5|
    |or_ln88_27_fu_5828_p2   |    or    |      0|  0|  11|          11|           5|
    |or_ln88_28_fu_5842_p2   |    or    |      0|  0|  11|          11|           5|
    |or_ln88_29_fu_5856_p2   |    or    |      0|  0|  11|          11|           5|
    |or_ln88_2_fu_5478_p2    |    or    |      0|  0|  11|          11|           2|
    |or_ln88_30_fu_5870_p2   |    or    |      0|  0|  11|          11|           5|
    |or_ln88_31_fu_5884_p2   |    or    |      0|  0|  11|          11|           6|
    |or_ln88_32_fu_5898_p2   |    or    |      0|  0|  11|          11|           6|
    |or_ln88_33_fu_5912_p2   |    or    |      0|  0|  11|          11|           6|
    |or_ln88_34_fu_5926_p2   |    or    |      0|  0|  11|          11|           6|
    |or_ln88_35_fu_5940_p2   |    or    |      0|  0|  11|          11|           6|
    |or_ln88_36_fu_5954_p2   |    or    |      0|  0|  11|          11|           6|
    |or_ln88_37_fu_5968_p2   |    or    |      0|  0|  11|          11|           6|
    |or_ln88_38_fu_5982_p2   |    or    |      0|  0|  11|          11|           6|
    |or_ln88_39_fu_5996_p2   |    or    |      0|  0|  11|          11|           6|
    |or_ln88_3_fu_5492_p2    |    or    |      0|  0|  11|          11|           3|
    |or_ln88_40_fu_6010_p2   |    or    |      0|  0|  11|          11|           6|
    |or_ln88_41_fu_6024_p2   |    or    |      0|  0|  11|          11|           6|
    |or_ln88_42_fu_6038_p2   |    or    |      0|  0|  11|          11|           6|
    |or_ln88_43_fu_6052_p2   |    or    |      0|  0|  11|          11|           6|
    |or_ln88_44_fu_6066_p2   |    or    |      0|  0|  11|          11|           6|
    |or_ln88_45_fu_6080_p2   |    or    |      0|  0|  11|          11|           6|
    |or_ln88_46_fu_6094_p2   |    or    |      0|  0|  11|          11|           6|
    |or_ln88_47_fu_6108_p2   |    or    |      0|  0|  11|          11|           6|
    |or_ln88_48_fu_6122_p2   |    or    |      0|  0|  11|          11|           6|
    |or_ln88_49_fu_6136_p2   |    or    |      0|  0|  11|          11|           6|
    |or_ln88_4_fu_5506_p2    |    or    |      0|  0|  11|          11|           3|
    |or_ln88_50_fu_6150_p2   |    or    |      0|  0|  11|          11|           6|
    |or_ln88_51_fu_6164_p2   |    or    |      0|  0|  11|          11|           6|
    |or_ln88_52_fu_6178_p2   |    or    |      0|  0|  11|          11|           6|
    |or_ln88_53_fu_6192_p2   |    or    |      0|  0|  11|          11|           6|
    |or_ln88_54_fu_6206_p2   |    or    |      0|  0|  11|          11|           6|
    |or_ln88_55_fu_6220_p2   |    or    |      0|  0|  11|          11|           6|
    |or_ln88_56_fu_6234_p2   |    or    |      0|  0|  11|          11|           6|
    |or_ln88_57_fu_6248_p2   |    or    |      0|  0|  11|          11|           6|
    |or_ln88_58_fu_6262_p2   |    or    |      0|  0|  11|          11|           6|
    |or_ln88_59_fu_6276_p2   |    or    |      0|  0|  11|          11|           6|
    |or_ln88_5_fu_5520_p2    |    or    |      0|  0|  11|          11|           3|
    |or_ln88_60_fu_6290_p2   |    or    |      0|  0|  11|          11|           6|
    |or_ln88_61_fu_6304_p2   |    or    |      0|  0|  11|          11|           6|
    |or_ln88_62_fu_6318_p2   |    or    |      0|  0|  11|          11|           6|
    |or_ln88_63_fu_6332_p2   |    or    |      0|  0|  11|          11|           7|
    |or_ln88_64_fu_6346_p2   |    or    |      0|  0|  11|          11|           7|
    |or_ln88_65_fu_6360_p2   |    or    |      0|  0|  11|          11|           7|
    |or_ln88_66_fu_6374_p2   |    or    |      0|  0|  11|          11|           7|
    |or_ln88_67_fu_6388_p2   |    or    |      0|  0|  11|          11|           7|
    |or_ln88_68_fu_6402_p2   |    or    |      0|  0|  11|          11|           7|
    |or_ln88_69_fu_6416_p2   |    or    |      0|  0|  11|          11|           7|
    |or_ln88_6_fu_5534_p2    |    or    |      0|  0|  11|          11|           3|
    |or_ln88_70_fu_6430_p2   |    or    |      0|  0|  11|          11|           7|
    |or_ln88_71_fu_6444_p2   |    or    |      0|  0|  11|          11|           7|
    |or_ln88_72_fu_6458_p2   |    or    |      0|  0|  11|          11|           7|
    |or_ln88_73_fu_6472_p2   |    or    |      0|  0|  11|          11|           7|
    |or_ln88_74_fu_6486_p2   |    or    |      0|  0|  11|          11|           7|
    |or_ln88_75_fu_6500_p2   |    or    |      0|  0|  11|          11|           7|
    |or_ln88_76_fu_6514_p2   |    or    |      0|  0|  11|          11|           7|
    |or_ln88_77_fu_6528_p2   |    or    |      0|  0|  11|          11|           7|
    |or_ln88_78_fu_6542_p2   |    or    |      0|  0|  11|          11|           7|
    |or_ln88_79_fu_6556_p2   |    or    |      0|  0|  11|          11|           7|
    |or_ln88_7_fu_5548_p2    |    or    |      0|  0|  11|          11|           4|
    |or_ln88_80_fu_6570_p2   |    or    |      0|  0|  11|          11|           7|
    |or_ln88_81_fu_6584_p2   |    or    |      0|  0|  11|          11|           7|
    |or_ln88_82_fu_6598_p2   |    or    |      0|  0|  11|          11|           7|
    |or_ln88_83_fu_6612_p2   |    or    |      0|  0|  11|          11|           7|
    |or_ln88_84_fu_6626_p2   |    or    |      0|  0|  11|          11|           7|
    |or_ln88_85_fu_6640_p2   |    or    |      0|  0|  11|          11|           7|
    |or_ln88_86_fu_6654_p2   |    or    |      0|  0|  11|          11|           7|
    |or_ln88_87_fu_6668_p2   |    or    |      0|  0|  11|          11|           7|
    |or_ln88_88_fu_6682_p2   |    or    |      0|  0|  11|          11|           7|
    |or_ln88_89_fu_6696_p2   |    or    |      0|  0|  11|          11|           7|
    |or_ln88_8_fu_5562_p2    |    or    |      0|  0|  11|          11|           4|
    |or_ln88_90_fu_6710_p2   |    or    |      0|  0|  11|          11|           7|
    |or_ln88_91_fu_6724_p2   |    or    |      0|  0|  11|          11|           7|
    |or_ln88_92_fu_6738_p2   |    or    |      0|  0|  11|          11|           7|
    |or_ln88_93_fu_6752_p2   |    or    |      0|  0|  11|          11|           7|
    |or_ln88_94_fu_6766_p2   |    or    |      0|  0|  11|          11|           7|
    |or_ln88_95_fu_6780_p2   |    or    |      0|  0|  11|          11|           7|
    |or_ln88_96_fu_6794_p2   |    or    |      0|  0|  11|          11|           7|
    |or_ln88_97_fu_6808_p2   |    or    |      0|  0|  11|          11|           7|
    |or_ln88_98_fu_6822_p2   |    or    |      0|  0|  11|          11|           7|
    |or_ln88_99_fu_6836_p2   |    or    |      0|  0|  11|          11|           7|
    |or_ln88_9_fu_5576_p2    |    or    |      0|  0|  11|          11|           4|
    |or_ln88_fu_5449_p2      |    or    |      0|  0|  11|          11|           1|
    +------------------------+----------+-------+---+----+------------+------------+
    |Total                   |          |      0|  0|2883|        2869|        1857|
    +------------------------+----------+-------+---+----+------------+------------+

    * Multiplexer: 
    +-------------------+------+-----------+-----+-----------+
    |        Name       |  LUT | Input Size| Bits| Total Bits|
    +-------------------+------+-----------+-----+-----------+
    |ap_NS_fsm          |  1173|        257|    1|        257|
    |b_coeffs_address0  |   581|        129|    8|       1032|
    |b_coeffs_address1  |   581|        129|    8|       1032|
    |c_coeffs_address0  |  1173|        257|   10|       2570|
    |c_coeffs_address1  |  1173|        257|   10|       2570|
    |c_coeffs_d0        |   545|        128|   32|       4096|
    |c_coeffs_d1        |   545|        128|   32|       4096|
    +-------------------+------+-----------+-----+-----------+
    |Total              |  5771|       1285|  101|      15653|
    +-------------------+------+-----------+-----+-----------+

    * Register: 
    +-----------------------------+-----+----+-----+-----------+
    |             Name            |  FF | LUT| Bits| Const Bits|
    +-----------------------------+-----+----+-----+-----------+
    |add_ln88_100_reg_10798       |   32|   0|   32|          0|
    |add_ln88_101_reg_10803       |   32|   0|   32|          0|
    |add_ln88_102_reg_10828       |   32|   0|   32|          0|
    |add_ln88_103_reg_10833       |   32|   0|   32|          0|
    |add_ln88_104_reg_10858       |   32|   0|   32|          0|
    |add_ln88_105_reg_10863       |   32|   0|   32|          0|
    |add_ln88_106_reg_10888       |   32|   0|   32|          0|
    |add_ln88_107_reg_10893       |   32|   0|   32|          0|
    |add_ln88_108_reg_10918       |   32|   0|   32|          0|
    |add_ln88_109_reg_10923       |   32|   0|   32|          0|
    |add_ln88_10_reg_9448         |   32|   0|   32|          0|
    |add_ln88_110_reg_10948       |   32|   0|   32|          0|
    |add_ln88_111_reg_10953       |   32|   0|   32|          0|
    |add_ln88_112_reg_10978       |   32|   0|   32|          0|
    |add_ln88_113_reg_10983       |   32|   0|   32|          0|
    |add_ln88_114_reg_11008       |   32|   0|   32|          0|
    |add_ln88_115_reg_11013       |   32|   0|   32|          0|
    |add_ln88_116_reg_11038       |   32|   0|   32|          0|
    |add_ln88_117_reg_11043       |   32|   0|   32|          0|
    |add_ln88_118_reg_11068       |   32|   0|   32|          0|
    |add_ln88_119_reg_11073       |   32|   0|   32|          0|
    |add_ln88_11_reg_9453         |   32|   0|   32|          0|
    |add_ln88_120_reg_11098       |   32|   0|   32|          0|
    |add_ln88_121_reg_11103       |   32|   0|   32|          0|
    |add_ln88_122_reg_11128       |   32|   0|   32|          0|
    |add_ln88_123_reg_11133       |   32|   0|   32|          0|
    |add_ln88_124_reg_11158       |   32|   0|   32|          0|
    |add_ln88_125_reg_11163       |   32|   0|   32|          0|
    |add_ln88_126_reg_11188       |   32|   0|   32|          0|
    |add_ln88_127_reg_11193       |   32|   0|   32|          0|
    |add_ln88_128_reg_11218       |   32|   0|   32|          0|
    |add_ln88_129_reg_11223       |   32|   0|   32|          0|
    |add_ln88_12_reg_9478         |   32|   0|   32|          0|
    |add_ln88_130_reg_11248       |   32|   0|   32|          0|
    |add_ln88_131_reg_11253       |   32|   0|   32|          0|
    |add_ln88_132_reg_11278       |   32|   0|   32|          0|
    |add_ln88_133_reg_11283       |   32|   0|   32|          0|
    |add_ln88_134_reg_11308       |   32|   0|   32|          0|
    |add_ln88_135_reg_11313       |   32|   0|   32|          0|
    |add_ln88_136_reg_11338       |   32|   0|   32|          0|
    |add_ln88_137_reg_11343       |   32|   0|   32|          0|
    |add_ln88_138_reg_11368       |   32|   0|   32|          0|
    |add_ln88_139_reg_11373       |   32|   0|   32|          0|
    |add_ln88_13_reg_9483         |   32|   0|   32|          0|
    |add_ln88_140_reg_11398       |   32|   0|   32|          0|
    |add_ln88_141_reg_11403       |   32|   0|   32|          0|
    |add_ln88_142_reg_11428       |   32|   0|   32|          0|
    |add_ln88_143_reg_11433       |   32|   0|   32|          0|
    |add_ln88_144_reg_11458       |   32|   0|   32|          0|
    |add_ln88_145_reg_11463       |   32|   0|   32|          0|
    |add_ln88_146_reg_11488       |   32|   0|   32|          0|
    |add_ln88_147_reg_11493       |   32|   0|   32|          0|
    |add_ln88_148_reg_11518       |   32|   0|   32|          0|
    |add_ln88_149_reg_11523       |   32|   0|   32|          0|
    |add_ln88_14_reg_9508         |   32|   0|   32|          0|
    |add_ln88_150_reg_11548       |   32|   0|   32|          0|
    |add_ln88_151_reg_11553       |   32|   0|   32|          0|
    |add_ln88_152_reg_11578       |   32|   0|   32|          0|
    |add_ln88_153_reg_11583       |   32|   0|   32|          0|
    |add_ln88_154_reg_11608       |   32|   0|   32|          0|
    |add_ln88_155_reg_11613       |   32|   0|   32|          0|
    |add_ln88_156_reg_11638       |   32|   0|   32|          0|
    |add_ln88_157_reg_11643       |   32|   0|   32|          0|
    |add_ln88_158_reg_11668       |   32|   0|   32|          0|
    |add_ln88_159_reg_11673       |   32|   0|   32|          0|
    |add_ln88_15_reg_9513         |   32|   0|   32|          0|
    |add_ln88_160_reg_11698       |   32|   0|   32|          0|
    |add_ln88_161_reg_11703       |   32|   0|   32|          0|
    |add_ln88_162_reg_11728       |   32|   0|   32|          0|
    |add_ln88_163_reg_11733       |   32|   0|   32|          0|
    |add_ln88_164_reg_11758       |   32|   0|   32|          0|
    |add_ln88_165_reg_11763       |   32|   0|   32|          0|
    |add_ln88_166_reg_11788       |   32|   0|   32|          0|
    |add_ln88_167_reg_11793       |   32|   0|   32|          0|
    |add_ln88_168_reg_11818       |   32|   0|   32|          0|
    |add_ln88_169_reg_11823       |   32|   0|   32|          0|
    |add_ln88_16_reg_9538         |   32|   0|   32|          0|
    |add_ln88_170_reg_11848       |   32|   0|   32|          0|
    |add_ln88_171_reg_11853       |   32|   0|   32|          0|
    |add_ln88_172_reg_11878       |   32|   0|   32|          0|
    |add_ln88_173_reg_11883       |   32|   0|   32|          0|
    |add_ln88_174_reg_11908       |   32|   0|   32|          0|
    |add_ln88_175_reg_11913       |   32|   0|   32|          0|
    |add_ln88_176_reg_11938       |   32|   0|   32|          0|
    |add_ln88_177_reg_11943       |   32|   0|   32|          0|
    |add_ln88_178_reg_11968       |   32|   0|   32|          0|
    |add_ln88_179_reg_11973       |   32|   0|   32|          0|
    |add_ln88_17_reg_9543         |   32|   0|   32|          0|
    |add_ln88_180_reg_11998       |   32|   0|   32|          0|
    |add_ln88_181_reg_12003       |   32|   0|   32|          0|
    |add_ln88_182_reg_12028       |   32|   0|   32|          0|
    |add_ln88_183_reg_12033       |   32|   0|   32|          0|
    |add_ln88_184_reg_12058       |   32|   0|   32|          0|
    |add_ln88_185_reg_12063       |   32|   0|   32|          0|
    |add_ln88_186_reg_12088       |   32|   0|   32|          0|
    |add_ln88_187_reg_12093       |   32|   0|   32|          0|
    |add_ln88_188_reg_12118       |   32|   0|   32|          0|
    |add_ln88_189_reg_12123       |   32|   0|   32|          0|
    |add_ln88_18_reg_9568         |   32|   0|   32|          0|
    |add_ln88_190_reg_12148       |   32|   0|   32|          0|
    |add_ln88_191_reg_12153       |   32|   0|   32|          0|
    |add_ln88_192_reg_12178       |   32|   0|   32|          0|
    |add_ln88_193_reg_12183       |   32|   0|   32|          0|
    |add_ln88_194_reg_12208       |   32|   0|   32|          0|
    |add_ln88_195_reg_12213       |   32|   0|   32|          0|
    |add_ln88_196_reg_12238       |   32|   0|   32|          0|
    |add_ln88_197_reg_12243       |   32|   0|   32|          0|
    |add_ln88_198_reg_12268       |   32|   0|   32|          0|
    |add_ln88_199_reg_12273       |   32|   0|   32|          0|
    |add_ln88_19_reg_9573         |   32|   0|   32|          0|
    |add_ln88_200_reg_12298       |   32|   0|   32|          0|
    |add_ln88_201_reg_12303       |   32|   0|   32|          0|
    |add_ln88_202_reg_12328       |   32|   0|   32|          0|
    |add_ln88_203_reg_12333       |   32|   0|   32|          0|
    |add_ln88_204_reg_12358       |   32|   0|   32|          0|
    |add_ln88_205_reg_12363       |   32|   0|   32|          0|
    |add_ln88_206_reg_12388       |   32|   0|   32|          0|
    |add_ln88_207_reg_12393       |   32|   0|   32|          0|
    |add_ln88_208_reg_12418       |   32|   0|   32|          0|
    |add_ln88_209_reg_12423       |   32|   0|   32|          0|
    |add_ln88_20_reg_9598         |   32|   0|   32|          0|
    |add_ln88_210_reg_12448       |   32|   0|   32|          0|
    |add_ln88_211_reg_12453       |   32|   0|   32|          0|
    |add_ln88_212_reg_12478       |   32|   0|   32|          0|
    |add_ln88_213_reg_12483       |   32|   0|   32|          0|
    |add_ln88_214_reg_12508       |   32|   0|   32|          0|
    |add_ln88_215_reg_12513       |   32|   0|   32|          0|
    |add_ln88_216_reg_12538       |   32|   0|   32|          0|
    |add_ln88_217_reg_12543       |   32|   0|   32|          0|
    |add_ln88_218_reg_12568       |   32|   0|   32|          0|
    |add_ln88_219_reg_12573       |   32|   0|   32|          0|
    |add_ln88_21_reg_9603         |   32|   0|   32|          0|
    |add_ln88_220_reg_12598       |   32|   0|   32|          0|
    |add_ln88_221_reg_12603       |   32|   0|   32|          0|
    |add_ln88_222_reg_12628       |   32|   0|   32|          0|
    |add_ln88_223_reg_12633       |   32|   0|   32|          0|
    |add_ln88_224_reg_12658       |   32|   0|   32|          0|
    |add_ln88_225_reg_12663       |   32|   0|   32|          0|
    |add_ln88_226_reg_12688       |   32|   0|   32|          0|
    |add_ln88_227_reg_12693       |   32|   0|   32|          0|
    |add_ln88_228_reg_12718       |   32|   0|   32|          0|
    |add_ln88_229_reg_12723       |   32|   0|   32|          0|
    |add_ln88_22_reg_9628         |   32|   0|   32|          0|
    |add_ln88_230_reg_12748       |   32|   0|   32|          0|
    |add_ln88_231_reg_12753       |   32|   0|   32|          0|
    |add_ln88_232_reg_12778       |   32|   0|   32|          0|
    |add_ln88_233_reg_12783       |   32|   0|   32|          0|
    |add_ln88_234_reg_12808       |   32|   0|   32|          0|
    |add_ln88_235_reg_12813       |   32|   0|   32|          0|
    |add_ln88_236_reg_12838       |   32|   0|   32|          0|
    |add_ln88_237_reg_12843       |   32|   0|   32|          0|
    |add_ln88_238_reg_12868       |   32|   0|   32|          0|
    |add_ln88_239_reg_12873       |   32|   0|   32|          0|
    |add_ln88_23_reg_9633         |   32|   0|   32|          0|
    |add_ln88_240_reg_12898       |   32|   0|   32|          0|
    |add_ln88_241_reg_12903       |   32|   0|   32|          0|
    |add_ln88_242_reg_12928       |   32|   0|   32|          0|
    |add_ln88_243_reg_12933       |   32|   0|   32|          0|
    |add_ln88_244_reg_12958       |   32|   0|   32|          0|
    |add_ln88_245_reg_12963       |   32|   0|   32|          0|
    |add_ln88_246_reg_12988       |   32|   0|   32|          0|
    |add_ln88_247_reg_12993       |   32|   0|   32|          0|
    |add_ln88_248_reg_13018       |   32|   0|   32|          0|
    |add_ln88_249_reg_13023       |   32|   0|   32|          0|
    |add_ln88_24_reg_9658         |   32|   0|   32|          0|
    |add_ln88_250_reg_13048       |   32|   0|   32|          0|
    |add_ln88_251_reg_13053       |   32|   0|   32|          0|
    |add_ln88_252_reg_13078       |   32|   0|   32|          0|
    |add_ln88_253_reg_13083       |   32|   0|   32|          0|
    |add_ln88_25_reg_9663         |   32|   0|   32|          0|
    |add_ln88_26_reg_9688         |   32|   0|   32|          0|
    |add_ln88_27_reg_9693         |   32|   0|   32|          0|
    |add_ln88_28_reg_9718         |   32|   0|   32|          0|
    |add_ln88_29_reg_9723         |   32|   0|   32|          0|
    |add_ln88_2_reg_9328          |   32|   0|   32|          0|
    |add_ln88_30_reg_9748         |   32|   0|   32|          0|
    |add_ln88_31_reg_9753         |   32|   0|   32|          0|
    |add_ln88_32_reg_9778         |   32|   0|   32|          0|
    |add_ln88_33_reg_9783         |   32|   0|   32|          0|
    |add_ln88_34_reg_9808         |   32|   0|   32|          0|
    |add_ln88_35_reg_9813         |   32|   0|   32|          0|
    |add_ln88_36_reg_9838         |   32|   0|   32|          0|
    |add_ln88_37_reg_9843         |   32|   0|   32|          0|
    |add_ln88_38_reg_9868         |   32|   0|   32|          0|
    |add_ln88_39_reg_9873         |   32|   0|   32|          0|
    |add_ln88_3_reg_9333          |   32|   0|   32|          0|
    |add_ln88_40_reg_9898         |   32|   0|   32|          0|
    |add_ln88_41_reg_9903         |   32|   0|   32|          0|
    |add_ln88_42_reg_9928         |   32|   0|   32|          0|
    |add_ln88_43_reg_9933         |   32|   0|   32|          0|
    |add_ln88_44_reg_9958         |   32|   0|   32|          0|
    |add_ln88_45_reg_9963         |   32|   0|   32|          0|
    |add_ln88_46_reg_9988         |   32|   0|   32|          0|
    |add_ln88_47_reg_9993         |   32|   0|   32|          0|
    |add_ln88_48_reg_10018        |   32|   0|   32|          0|
    |add_ln88_49_reg_10023        |   32|   0|   32|          0|
    |add_ln88_4_reg_9358          |   32|   0|   32|          0|
    |add_ln88_50_reg_10048        |   32|   0|   32|          0|
    |add_ln88_51_reg_10053        |   32|   0|   32|          0|
    |add_ln88_52_reg_10078        |   32|   0|   32|          0|
    |add_ln88_53_reg_10083        |   32|   0|   32|          0|
    |add_ln88_54_reg_10108        |   32|   0|   32|          0|
    |add_ln88_55_reg_10113        |   32|   0|   32|          0|
    |add_ln88_56_reg_10138        |   32|   0|   32|          0|
    |add_ln88_57_reg_10143        |   32|   0|   32|          0|
    |add_ln88_58_reg_10168        |   32|   0|   32|          0|
    |add_ln88_59_reg_10173        |   32|   0|   32|          0|
    |add_ln88_5_reg_9363          |   32|   0|   32|          0|
    |add_ln88_60_reg_10198        |   32|   0|   32|          0|
    |add_ln88_61_reg_10203        |   32|   0|   32|          0|
    |add_ln88_62_reg_10228        |   32|   0|   32|          0|
    |add_ln88_63_reg_10233        |   32|   0|   32|          0|
    |add_ln88_64_reg_10258        |   32|   0|   32|          0|
    |add_ln88_65_reg_10263        |   32|   0|   32|          0|
    |add_ln88_66_reg_10288        |   32|   0|   32|          0|
    |add_ln88_67_reg_10293        |   32|   0|   32|          0|
    |add_ln88_68_reg_10318        |   32|   0|   32|          0|
    |add_ln88_69_reg_10323        |   32|   0|   32|          0|
    |add_ln88_6_reg_9388          |   32|   0|   32|          0|
    |add_ln88_70_reg_10348        |   32|   0|   32|          0|
    |add_ln88_71_reg_10353        |   32|   0|   32|          0|
    |add_ln88_72_reg_10378        |   32|   0|   32|          0|
    |add_ln88_73_reg_10383        |   32|   0|   32|          0|
    |add_ln88_74_reg_10408        |   32|   0|   32|          0|
    |add_ln88_75_reg_10413        |   32|   0|   32|          0|
    |add_ln88_76_reg_10438        |   32|   0|   32|          0|
    |add_ln88_77_reg_10443        |   32|   0|   32|          0|
    |add_ln88_78_reg_10468        |   32|   0|   32|          0|
    |add_ln88_79_reg_10473        |   32|   0|   32|          0|
    |add_ln88_7_reg_9393          |   32|   0|   32|          0|
    |add_ln88_80_reg_10498        |   32|   0|   32|          0|
    |add_ln88_81_reg_10503        |   32|   0|   32|          0|
    |add_ln88_82_reg_10528        |   32|   0|   32|          0|
    |add_ln88_83_reg_10533        |   32|   0|   32|          0|
    |add_ln88_84_reg_10558        |   32|   0|   32|          0|
    |add_ln88_85_reg_10563        |   32|   0|   32|          0|
    |add_ln88_86_reg_10588        |   32|   0|   32|          0|
    |add_ln88_87_reg_10593        |   32|   0|   32|          0|
    |add_ln88_88_reg_10618        |   32|   0|   32|          0|
    |add_ln88_89_reg_10623        |   32|   0|   32|          0|
    |add_ln88_8_reg_9418          |   32|   0|   32|          0|
    |add_ln88_90_reg_10648        |   32|   0|   32|          0|
    |add_ln88_91_reg_10653        |   32|   0|   32|          0|
    |add_ln88_92_reg_10678        |   32|   0|   32|          0|
    |add_ln88_93_reg_10683        |   32|   0|   32|          0|
    |add_ln88_94_reg_10708        |   32|   0|   32|          0|
    |add_ln88_95_reg_10713        |   32|   0|   32|          0|
    |add_ln88_96_reg_10738        |   32|   0|   32|          0|
    |add_ln88_97_reg_10743        |   32|   0|   32|          0|
    |add_ln88_98_reg_10768        |   32|   0|   32|          0|
    |add_ln88_99_reg_10773        |   32|   0|   32|          0|
    |add_ln88_9_reg_9423          |   32|   0|   32|          0|
    |ap_CS_fsm                    |  256|   0|  256|          0|
    |c_coeffs_addr_100_reg_10758  |    2|   0|   10|          8|
    |c_coeffs_addr_101_reg_10763  |    2|   0|   10|          8|
    |c_coeffs_addr_102_reg_10788  |    2|   0|   10|          8|
    |c_coeffs_addr_103_reg_10793  |    2|   0|   10|          8|
    |c_coeffs_addr_104_reg_10818  |    2|   0|   10|          8|
    |c_coeffs_addr_105_reg_10823  |    2|   0|   10|          8|
    |c_coeffs_addr_106_reg_10848  |    2|   0|   10|          8|
    |c_coeffs_addr_107_reg_10853  |    2|   0|   10|          8|
    |c_coeffs_addr_108_reg_10878  |    2|   0|   10|          8|
    |c_coeffs_addr_109_reg_10883  |    2|   0|   10|          8|
    |c_coeffs_addr_10_reg_9408    |    2|   0|   10|          8|
    |c_coeffs_addr_110_reg_10908  |    2|   0|   10|          8|
    |c_coeffs_addr_111_reg_10913  |    2|   0|   10|          8|
    |c_coeffs_addr_112_reg_10938  |    2|   0|   10|          8|
    |c_coeffs_addr_113_reg_10943  |    2|   0|   10|          8|
    |c_coeffs_addr_114_reg_10968  |    2|   0|   10|          8|
    |c_coeffs_addr_115_reg_10973  |    2|   0|   10|          8|
    |c_coeffs_addr_116_reg_10998  |    2|   0|   10|          8|
    |c_coeffs_addr_117_reg_11003  |    2|   0|   10|          8|
    |c_coeffs_addr_118_reg_11028  |    2|   0|   10|          8|
    |c_coeffs_addr_119_reg_11033  |    2|   0|   10|          8|
    |c_coeffs_addr_11_reg_9413    |    2|   0|   10|          8|
    |c_coeffs_addr_120_reg_11058  |    2|   0|   10|          8|
    |c_coeffs_addr_121_reg_11063  |    2|   0|   10|          8|
    |c_coeffs_addr_122_reg_11088  |    2|   0|   10|          8|
    |c_coeffs_addr_123_reg_11093  |    2|   0|   10|          8|
    |c_coeffs_addr_124_reg_11118  |    2|   0|   10|          8|
    |c_coeffs_addr_125_reg_11123  |    2|   0|   10|          8|
    |c_coeffs_addr_126_reg_11148  |    2|   0|   10|          8|
    |c_coeffs_addr_127_reg_11153  |    2|   0|   10|          8|
    |c_coeffs_addr_128_reg_11178  |    2|   0|   10|          8|
    |c_coeffs_addr_129_reg_11183  |    2|   0|   10|          8|
    |c_coeffs_addr_12_reg_9438    |    2|   0|   10|          8|
    |c_coeffs_addr_130_reg_11208  |    2|   0|   10|          8|
    |c_coeffs_addr_131_reg_11213  |    2|   0|   10|          8|
    |c_coeffs_addr_132_reg_11238  |    2|   0|   10|          8|
    |c_coeffs_addr_133_reg_11243  |    2|   0|   10|          8|
    |c_coeffs_addr_134_reg_11268  |    2|   0|   10|          8|
    |c_coeffs_addr_135_reg_11273  |    2|   0|   10|          8|
    |c_coeffs_addr_136_reg_11298  |    2|   0|   10|          8|
    |c_coeffs_addr_137_reg_11303  |    2|   0|   10|          8|
    |c_coeffs_addr_138_reg_11328  |    2|   0|   10|          8|
    |c_coeffs_addr_139_reg_11333  |    2|   0|   10|          8|
    |c_coeffs_addr_13_reg_9443    |    2|   0|   10|          8|
    |c_coeffs_addr_140_reg_11358  |    2|   0|   10|          8|
    |c_coeffs_addr_141_reg_11363  |    2|   0|   10|          8|
    |c_coeffs_addr_142_reg_11388  |    2|   0|   10|          8|
    |c_coeffs_addr_143_reg_11393  |    2|   0|   10|          8|
    |c_coeffs_addr_144_reg_11418  |    2|   0|   10|          8|
    |c_coeffs_addr_145_reg_11423  |    2|   0|   10|          8|
    |c_coeffs_addr_146_reg_11448  |    2|   0|   10|          8|
    |c_coeffs_addr_147_reg_11453  |    2|   0|   10|          8|
    |c_coeffs_addr_148_reg_11478  |    2|   0|   10|          8|
    |c_coeffs_addr_149_reg_11483  |    2|   0|   10|          8|
    |c_coeffs_addr_14_reg_9468    |    2|   0|   10|          8|
    |c_coeffs_addr_150_reg_11508  |    2|   0|   10|          8|
    |c_coeffs_addr_151_reg_11513  |    2|   0|   10|          8|
    |c_coeffs_addr_152_reg_11538  |    2|   0|   10|          8|
    |c_coeffs_addr_153_reg_11543  |    2|   0|   10|          8|
    |c_coeffs_addr_154_reg_11568  |    2|   0|   10|          8|
    |c_coeffs_addr_155_reg_11573  |    2|   0|   10|          8|
    |c_coeffs_addr_156_reg_11598  |    2|   0|   10|          8|
    |c_coeffs_addr_157_reg_11603  |    2|   0|   10|          8|
    |c_coeffs_addr_158_reg_11628  |    2|   0|   10|          8|
    |c_coeffs_addr_159_reg_11633  |    2|   0|   10|          8|
    |c_coeffs_addr_15_reg_9473    |    2|   0|   10|          8|
    |c_coeffs_addr_160_reg_11658  |    2|   0|   10|          8|
    |c_coeffs_addr_161_reg_11663  |    2|   0|   10|          8|
    |c_coeffs_addr_162_reg_11688  |    2|   0|   10|          8|
    |c_coeffs_addr_163_reg_11693  |    2|   0|   10|          8|
    |c_coeffs_addr_164_reg_11718  |    2|   0|   10|          8|
    |c_coeffs_addr_165_reg_11723  |    2|   0|   10|          8|
    |c_coeffs_addr_166_reg_11748  |    2|   0|   10|          8|
    |c_coeffs_addr_167_reg_11753  |    2|   0|   10|          8|
    |c_coeffs_addr_168_reg_11778  |    2|   0|   10|          8|
    |c_coeffs_addr_169_reg_11783  |    2|   0|   10|          8|
    |c_coeffs_addr_16_reg_9498    |    2|   0|   10|          8|
    |c_coeffs_addr_170_reg_11808  |    2|   0|   10|          8|
    |c_coeffs_addr_171_reg_11813  |    2|   0|   10|          8|
    |c_coeffs_addr_172_reg_11838  |    2|   0|   10|          8|
    |c_coeffs_addr_173_reg_11843  |    2|   0|   10|          8|
    |c_coeffs_addr_174_reg_11868  |    2|   0|   10|          8|
    |c_coeffs_addr_175_reg_11873  |    2|   0|   10|          8|
    |c_coeffs_addr_176_reg_11898  |    2|   0|   10|          8|
    |c_coeffs_addr_177_reg_11903  |    2|   0|   10|          8|
    |c_coeffs_addr_178_reg_11928  |    2|   0|   10|          8|
    |c_coeffs_addr_179_reg_11933  |    2|   0|   10|          8|
    |c_coeffs_addr_17_reg_9503    |    2|   0|   10|          8|
    |c_coeffs_addr_180_reg_11958  |    2|   0|   10|          8|
    |c_coeffs_addr_181_reg_11963  |    2|   0|   10|          8|
    |c_coeffs_addr_182_reg_11988  |    2|   0|   10|          8|
    |c_coeffs_addr_183_reg_11993  |    2|   0|   10|          8|
    |c_coeffs_addr_184_reg_12018  |    2|   0|   10|          8|
    |c_coeffs_addr_185_reg_12023  |    2|   0|   10|          8|
    |c_coeffs_addr_186_reg_12048  |    2|   0|   10|          8|
    |c_coeffs_addr_187_reg_12053  |    2|   0|   10|          8|
    |c_coeffs_addr_188_reg_12078  |    2|   0|   10|          8|
    |c_coeffs_addr_189_reg_12083  |    2|   0|   10|          8|
    |c_coeffs_addr_18_reg_9528    |    2|   0|   10|          8|
    |c_coeffs_addr_190_reg_12108  |    2|   0|   10|          8|
    |c_coeffs_addr_191_reg_12113  |    2|   0|   10|          8|
    |c_coeffs_addr_192_reg_12138  |    2|   0|   10|          8|
    |c_coeffs_addr_193_reg_12143  |    2|   0|   10|          8|
    |c_coeffs_addr_194_reg_12168  |    2|   0|   10|          8|
    |c_coeffs_addr_195_reg_12173  |    2|   0|   10|          8|
    |c_coeffs_addr_196_reg_12198  |    2|   0|   10|          8|
    |c_coeffs_addr_197_reg_12203  |    2|   0|   10|          8|
    |c_coeffs_addr_198_reg_12228  |    2|   0|   10|          8|
    |c_coeffs_addr_199_reg_12233  |    2|   0|   10|          8|
    |c_coeffs_addr_19_reg_9533    |    2|   0|   10|          8|
    |c_coeffs_addr_1_reg_9283     |    2|   0|   10|          8|
    |c_coeffs_addr_200_reg_12258  |    2|   0|   10|          8|
    |c_coeffs_addr_201_reg_12263  |    2|   0|   10|          8|
    |c_coeffs_addr_202_reg_12288  |    2|   0|   10|          8|
    |c_coeffs_addr_203_reg_12293  |    2|   0|   10|          8|
    |c_coeffs_addr_204_reg_12318  |    2|   0|   10|          8|
    |c_coeffs_addr_205_reg_12323  |    2|   0|   10|          8|
    |c_coeffs_addr_206_reg_12348  |    2|   0|   10|          8|
    |c_coeffs_addr_207_reg_12353  |    2|   0|   10|          8|
    |c_coeffs_addr_208_reg_12378  |    2|   0|   10|          8|
    |c_coeffs_addr_209_reg_12383  |    2|   0|   10|          8|
    |c_coeffs_addr_20_reg_9558    |    2|   0|   10|          8|
    |c_coeffs_addr_210_reg_12408  |    2|   0|   10|          8|
    |c_coeffs_addr_211_reg_12413  |    2|   0|   10|          8|
    |c_coeffs_addr_212_reg_12438  |    2|   0|   10|          8|
    |c_coeffs_addr_213_reg_12443  |    2|   0|   10|          8|
    |c_coeffs_addr_214_reg_12468  |    2|   0|   10|          8|
    |c_coeffs_addr_215_reg_12473  |    2|   0|   10|          8|
    |c_coeffs_addr_216_reg_12498  |    2|   0|   10|          8|
    |c_coeffs_addr_217_reg_12503  |    2|   0|   10|          8|
    |c_coeffs_addr_218_reg_12528  |    2|   0|   10|          8|
    |c_coeffs_addr_219_reg_12533  |    2|   0|   10|          8|
    |c_coeffs_addr_21_reg_9563    |    2|   0|   10|          8|
    |c_coeffs_addr_220_reg_12558  |    2|   0|   10|          8|
    |c_coeffs_addr_221_reg_12563  |    2|   0|   10|          8|
    |c_coeffs_addr_222_reg_12588  |    2|   0|   10|          8|
    |c_coeffs_addr_223_reg_12593  |    2|   0|   10|          8|
    |c_coeffs_addr_224_reg_12618  |    2|   0|   10|          8|
    |c_coeffs_addr_225_reg_12623  |    2|   0|   10|          8|
    |c_coeffs_addr_226_reg_12648  |    2|   0|   10|          8|
    |c_coeffs_addr_227_reg_12653  |    2|   0|   10|          8|
    |c_coeffs_addr_228_reg_12678  |    2|   0|   10|          8|
    |c_coeffs_addr_229_reg_12683  |    2|   0|   10|          8|
    |c_coeffs_addr_22_reg_9588    |    2|   0|   10|          8|
    |c_coeffs_addr_230_reg_12708  |    2|   0|   10|          8|
    |c_coeffs_addr_231_reg_12713  |    2|   0|   10|          8|
    |c_coeffs_addr_232_reg_12738  |    2|   0|   10|          8|
    |c_coeffs_addr_233_reg_12743  |    2|   0|   10|          8|
    |c_coeffs_addr_234_reg_12768  |    2|   0|   10|          8|
    |c_coeffs_addr_235_reg_12773  |    2|   0|   10|          8|
    |c_coeffs_addr_236_reg_12798  |    2|   0|   10|          8|
    |c_coeffs_addr_237_reg_12803  |    2|   0|   10|          8|
    |c_coeffs_addr_238_reg_12828  |    2|   0|   10|          8|
    |c_coeffs_addr_239_reg_12833  |    2|   0|   10|          8|
    |c_coeffs_addr_23_reg_9593    |    2|   0|   10|          8|
    |c_coeffs_addr_240_reg_12858  |    2|   0|   10|          8|
    |c_coeffs_addr_241_reg_12863  |    2|   0|   10|          8|
    |c_coeffs_addr_242_reg_12888  |    2|   0|   10|          8|
    |c_coeffs_addr_243_reg_12893  |    2|   0|   10|          8|
    |c_coeffs_addr_244_reg_12918  |    2|   0|   10|          8|
    |c_coeffs_addr_245_reg_12923  |    2|   0|   10|          8|
    |c_coeffs_addr_246_reg_12948  |    2|   0|   10|          8|
    |c_coeffs_addr_247_reg_12953  |    2|   0|   10|          8|
    |c_coeffs_addr_248_reg_12978  |    2|   0|   10|          8|
    |c_coeffs_addr_249_reg_12983  |    2|   0|   10|          8|
    |c_coeffs_addr_24_reg_9618    |    2|   0|   10|          8|
    |c_coeffs_addr_250_reg_13008  |    2|   0|   10|          8|
    |c_coeffs_addr_251_reg_13013  |    2|   0|   10|          8|
    |c_coeffs_addr_252_reg_13038  |    2|   0|   10|          8|
    |c_coeffs_addr_253_reg_13043  |    2|   0|   10|          8|
    |c_coeffs_addr_254_reg_13068  |    2|   0|   10|          8|
    |c_coeffs_addr_255_reg_13073  |    2|   0|   10|          8|
    |c_coeffs_addr_25_reg_9623    |    2|   0|   10|          8|
    |c_coeffs_addr_26_reg_9648    |    2|   0|   10|          8|
    |c_coeffs_addr_27_reg_9653    |    2|   0|   10|          8|
    |c_coeffs_addr_28_reg_9678    |    2|   0|   10|          8|
    |c_coeffs_addr_29_reg_9683    |    2|   0|   10|          8|
    |c_coeffs_addr_2_reg_9298     |    2|   0|   10|          8|
    |c_coeffs_addr_30_reg_9708    |    2|   0|   10|          8|
    |c_coeffs_addr_31_reg_9713    |    2|   0|   10|          8|
    |c_coeffs_addr_32_reg_9738    |    2|   0|   10|          8|
    |c_coeffs_addr_33_reg_9743    |    2|   0|   10|          8|
    |c_coeffs_addr_34_reg_9768    |    2|   0|   10|          8|
    |c_coeffs_addr_35_reg_9773    |    2|   0|   10|          8|
    |c_coeffs_addr_36_reg_9798    |    2|   0|   10|          8|
    |c_coeffs_addr_37_reg_9803    |    2|   0|   10|          8|
    |c_coeffs_addr_38_reg_9828    |    2|   0|   10|          8|
    |c_coeffs_addr_39_reg_9833    |    2|   0|   10|          8|
    |c_coeffs_addr_3_reg_9303     |    2|   0|   10|          8|
    |c_coeffs_addr_40_reg_9858    |    2|   0|   10|          8|
    |c_coeffs_addr_41_reg_9863    |    2|   0|   10|          8|
    |c_coeffs_addr_42_reg_9888    |    2|   0|   10|          8|
    |c_coeffs_addr_43_reg_9893    |    2|   0|   10|          8|
    |c_coeffs_addr_44_reg_9918    |    2|   0|   10|          8|
    |c_coeffs_addr_45_reg_9923    |    2|   0|   10|          8|
    |c_coeffs_addr_46_reg_9948    |    2|   0|   10|          8|
    |c_coeffs_addr_47_reg_9953    |    2|   0|   10|          8|
    |c_coeffs_addr_48_reg_9978    |    2|   0|   10|          8|
    |c_coeffs_addr_49_reg_9983    |    2|   0|   10|          8|
    |c_coeffs_addr_4_reg_9318     |    2|   0|   10|          8|
    |c_coeffs_addr_50_reg_10008   |    2|   0|   10|          8|
    |c_coeffs_addr_51_reg_10013   |    2|   0|   10|          8|
    |c_coeffs_addr_52_reg_10038   |    2|   0|   10|          8|
    |c_coeffs_addr_53_reg_10043   |    2|   0|   10|          8|
    |c_coeffs_addr_54_reg_10068   |    2|   0|   10|          8|
    |c_coeffs_addr_55_reg_10073   |    2|   0|   10|          8|
    |c_coeffs_addr_56_reg_10098   |    2|   0|   10|          8|
    |c_coeffs_addr_57_reg_10103   |    2|   0|   10|          8|
    |c_coeffs_addr_58_reg_10128   |    2|   0|   10|          8|
    |c_coeffs_addr_59_reg_10133   |    2|   0|   10|          8|
    |c_coeffs_addr_5_reg_9323     |    2|   0|   10|          8|
    |c_coeffs_addr_60_reg_10158   |    2|   0|   10|          8|
    |c_coeffs_addr_61_reg_10163   |    2|   0|   10|          8|
    |c_coeffs_addr_62_reg_10188   |    2|   0|   10|          8|
    |c_coeffs_addr_63_reg_10193   |    2|   0|   10|          8|
    |c_coeffs_addr_64_reg_10218   |    2|   0|   10|          8|
    |c_coeffs_addr_65_reg_10223   |    2|   0|   10|          8|
    |c_coeffs_addr_66_reg_10248   |    2|   0|   10|          8|
    |c_coeffs_addr_67_reg_10253   |    2|   0|   10|          8|
    |c_coeffs_addr_68_reg_10278   |    2|   0|   10|          8|
    |c_coeffs_addr_69_reg_10283   |    2|   0|   10|          8|
    |c_coeffs_addr_6_reg_9348     |    2|   0|   10|          8|
    |c_coeffs_addr_70_reg_10308   |    2|   0|   10|          8|
    |c_coeffs_addr_71_reg_10313   |    2|   0|   10|          8|
    |c_coeffs_addr_72_reg_10338   |    2|   0|   10|          8|
    |c_coeffs_addr_73_reg_10343   |    2|   0|   10|          8|
    |c_coeffs_addr_74_reg_10368   |    2|   0|   10|          8|
    |c_coeffs_addr_75_reg_10373   |    2|   0|   10|          8|
    |c_coeffs_addr_76_reg_10398   |    2|   0|   10|          8|
    |c_coeffs_addr_77_reg_10403   |    2|   0|   10|          8|
    |c_coeffs_addr_78_reg_10428   |    2|   0|   10|          8|
    |c_coeffs_addr_79_reg_10433   |    2|   0|   10|          8|
    |c_coeffs_addr_7_reg_9353     |    2|   0|   10|          8|
    |c_coeffs_addr_80_reg_10458   |    2|   0|   10|          8|
    |c_coeffs_addr_81_reg_10463   |    2|   0|   10|          8|
    |c_coeffs_addr_82_reg_10488   |    2|   0|   10|          8|
    |c_coeffs_addr_83_reg_10493   |    2|   0|   10|          8|
    |c_coeffs_addr_84_reg_10518   |    2|   0|   10|          8|
    |c_coeffs_addr_85_reg_10523   |    2|   0|   10|          8|
    |c_coeffs_addr_86_reg_10548   |    2|   0|   10|          8|
    |c_coeffs_addr_87_reg_10553   |    2|   0|   10|          8|
    |c_coeffs_addr_88_reg_10578   |    2|   0|   10|          8|
    |c_coeffs_addr_89_reg_10583   |    2|   0|   10|          8|
    |c_coeffs_addr_8_reg_9378     |    2|   0|   10|          8|
    |c_coeffs_addr_90_reg_10608   |    2|   0|   10|          8|
    |c_coeffs_addr_91_reg_10613   |    2|   0|   10|          8|
    |c_coeffs_addr_92_reg_10638   |    2|   0|   10|          8|
    |c_coeffs_addr_93_reg_10643   |    2|   0|   10|          8|
    |c_coeffs_addr_94_reg_10668   |    2|   0|   10|          8|
    |c_coeffs_addr_95_reg_10673   |    2|   0|   10|          8|
    |c_coeffs_addr_96_reg_10698   |    2|   0|   10|          8|
    |c_coeffs_addr_97_reg_10703   |    2|   0|   10|          8|
    |c_coeffs_addr_98_reg_10728   |    2|   0|   10|          8|
    |c_coeffs_addr_99_reg_10733   |    2|   0|   10|          8|
    |c_coeffs_addr_9_reg_9383     |    2|   0|   10|          8|
    |c_coeffs_addr_reg_9278       |    2|   0|   10|          8|
    |reg_5426                     |   32|   0|   32|          0|
    |reg_5431                     |   32|   0|   32|          0|
    |tmp_reg_9020                 |    3|   0|   11|          8|
    +-----------------------------+-----+----+-----+-----------+
    |Total                        | 8899|   0|10955|       2056|
    +-----------------------------+-----+----+-----+-----------+



================================================================
== Interface
================================================================
* Summary: 
+-------------------+-----+-----+------------+-------------------------+--------------+
|     RTL Ports     | Dir | Bits|  Protocol  |      Source Object      |    C Type    |
+-------------------+-----+-----+------------+-------------------------+--------------+
|ap_clk             |  in |    1| ap_ctrl_hs | pqcrystals_dilithium.16 | return value |
|ap_rst             |  in |    1| ap_ctrl_hs | pqcrystals_dilithium.16 | return value |
|ap_start           |  in |    1| ap_ctrl_hs | pqcrystals_dilithium.16 | return value |
|ap_done            | out |    1| ap_ctrl_hs | pqcrystals_dilithium.16 | return value |
|ap_idle            | out |    1| ap_ctrl_hs | pqcrystals_dilithium.16 | return value |
|ap_ready           | out |    1| ap_ctrl_hs | pqcrystals_dilithium.16 | return value |
|c_coeffs_address0  | out |   10|  ap_memory |         c_coeffs        |     array    |
|c_coeffs_ce0       | out |    1|  ap_memory |         c_coeffs        |     array    |
|c_coeffs_we0       | out |    1|  ap_memory |         c_coeffs        |     array    |
|c_coeffs_d0        | out |   32|  ap_memory |         c_coeffs        |     array    |
|c_coeffs_q0        |  in |   32|  ap_memory |         c_coeffs        |     array    |
|c_coeffs_address1  | out |   10|  ap_memory |         c_coeffs        |     array    |
|c_coeffs_ce1       | out |    1|  ap_memory |         c_coeffs        |     array    |
|c_coeffs_we1       | out |    1|  ap_memory |         c_coeffs        |     array    |
|c_coeffs_d1        | out |   32|  ap_memory |         c_coeffs        |     array    |
|c_coeffs_q1        |  in |   32|  ap_memory |         c_coeffs        |     array    |
|a_coeffs_offset    |  in |    3|   ap_none  |     a_coeffs_offset     |    scalar    |
|b_coeffs_address0  | out |    8|  ap_memory |         b_coeffs        |     array    |
|b_coeffs_ce0       | out |    1|  ap_memory |         b_coeffs        |     array    |
|b_coeffs_q0        |  in |   32|  ap_memory |         b_coeffs        |     array    |
|b_coeffs_address1  | out |    8|  ap_memory |         b_coeffs        |     array    |
|b_coeffs_ce1       | out |    1|  ap_memory |         b_coeffs        |     array    |
|b_coeffs_q1        |  in |   32|  ap_memory |         b_coeffs        |     array    |
+-------------------+-----+-----+------------+-------------------------+--------------+

