

================================================================
== Vitis HLS Report for 'pqcrystals_dilithium2_ref_signature_1_Pipeline_VITIS_LOOP_362_1'
================================================================
* Date:           Fri Mar 10 17:22:05 2023

* Version:        2022.2 (Build 3670227 on Oct 13 2022)
* Project:        crypto_sign
* Solution:       solution2 (Vivado IP Flow Target)
* Product family: artix7
* Target device:  xc7a200t-fbg676-2


================================================================
== Performance Estimates
================================================================
+ Timing: 
    * Summary: 
    +--------+----------+----------+------------+
    |  Clock |  Target  | Estimated| Uncertainty|
    +--------+----------+----------+------------+
    |ap_clk  |  50.00 ns|  3.992 ns|    13.50 ns|
    +--------+----------+----------+------------+

+ Latency: 
    * Summary: 
    +---------+---------+----------+----------+-----+-----+---------+
    |  Latency (cycles) |  Latency (absolute) |  Interval | Pipeline|
    |   min   |   max   |    min   |    max   | min | max |   Type  |
    +---------+---------+----------+----------+-----+-----+---------+
    |       27|       27|  1.350 us|  1.350 us|   27|   27|       no|
    +---------+---------+----------+----------+-----+-----+---------+

    + Detail: 
        * Instance: 
        N/A

        * Loop: 
        +--------------------+---------+---------+----------+-----------+-----------+------+----------+
        |                    |  Latency (cycles) | Iteration|  Initiation Interval  | Trip |          |
        |      Loop Name     |   min   |   max   |  Latency |  achieved |   target  | Count| Pipelined|
        +--------------------+---------+---------+----------+-----------+-----------+------+----------+
        |- VITIS_LOOP_362_1  |       25|       25|         1|          1|          1|    25|       yes|
        +--------------------+---------+---------+----------+-----------+-----------+------+----------+

============================================================
+ Verbose Summary: Synthesis Manager
============================================================
InlineROM: 1
ExposeGlobal: 0
============================================================
+ Verbose Summary: CDFG Model
============================================================
IsTopModel: 0
ResetActiveHigh: 1
IsCombinational: 0
IsDatapathOnly: 0
HasWiredReturn: 1
HasMFsm: 2
HasVarLatency: 1
IsPipeline: 0
IsRtlPipelined: 0
IsInstanceOverlapped: 0
IsDontTouch: 0
HasImplIP: 0
IsGatedGlobalClock: 0

+ Individual pipeline summary: 
  * Pipeline-0: initiation interval (II) = 1, depth = 1


============================================================
+ Verbose Summary: Schedule
============================================================
* Number of FSM states : 1
* Pipeline : 1
  Pipeline-0 : II = 1, D = 1, States = { 1 }
* Dataflow Pipeline: 0

* FSM state transitions: 
1 --> 

* FSM state operations: 

State 1 <SV = 0> <Delay = 3.99>
ST_1 : Operation 4 [1/1] (0.00ns)   --->   "%i_7 = alloca i32 1"   --->   Operation 4 'alloca' 'i_7' <Predicate = true> <Delay = 0.00>
ST_1 : Operation 5 [1/1] (1.32ns)   --->   "%store_ln0 = store i5 0, i5 %i_7"   --->   Operation 5 'store' 'store_ln0' <Predicate = true> <Delay = 1.32>
ST_1 : Operation 6 [1/1] (0.00ns)   --->   "%br_ln0 = br void %for.inc.i.i"   --->   Operation 6 'br' 'br_ln0' <Predicate = true> <Delay = 0.00>
ST_1 : Operation 7 [1/1] (0.00ns)   --->   "%i = load i5 %i_7" [dilithium2/fips202.c:362]   --->   Operation 7 'load' 'i' <Predicate = true> <Delay = 0.00>
ST_1 : Operation 8 [1/1] (0.00ns)   --->   "%specpipeline_ln0 = specpipeline void @_ssdm_op_SpecPipeline, i32 4294967295, i32 0, i32 1, i32 0, void @p_str"   --->   Operation 8 'specpipeline' 'specpipeline_ln0' <Predicate = true> <Delay = 0.00>
ST_1 : Operation 9 [1/1] (1.21ns)   --->   "%icmp_ln362 = icmp_eq  i5 %i, i5 25" [dilithium2/fips202.c:362]   --->   Operation 9 'icmp' 'icmp_ln362' <Predicate = true> <Delay = 1.21> <CoreInst = "Cmp">   --->   Core 9 'Cmp' <Latency = 0> <II = 1> <Delay = 1.21> <FuncUnit> <Opcode : 'icmp'> <InPorts = 2> <OutPorts = 1>
ST_1 : Operation 10 [1/1] (0.00ns)   --->   "%empty = speclooptripcount i32 @_ssdm_op_SpecLoopTripCount, i64 25, i64 25, i64 25"   --->   Operation 10 'speclooptripcount' 'empty' <Predicate = true> <Delay = 0.00>
ST_1 : Operation 11 [1/1] (1.54ns)   --->   "%add_ln362 = add i5 %i, i5 1" [dilithium2/fips202.c:362]   --->   Operation 11 'add' 'add_ln362' <Predicate = true> <Delay = 1.54> <CoreInst = "Adder">   --->   Core 1 'Adder' <Latency = 0> <II = 1> <Delay = 1.54> <FuncUnit> <Opcode : 'add' 'sub'> <InPorts = 2> <OutPorts = 1>
ST_1 : Operation 12 [1/1] (0.00ns)   --->   "%br_ln362 = br i1 %icmp_ln362, void %for.inc.i.i.split, void %shake256_init.exit.exitStub" [dilithium2/fips202.c:362]   --->   Operation 12 'br' 'br_ln362' <Predicate = true> <Delay = 0.00>
ST_1 : Operation 13 [1/1] (0.00ns)   --->   "%i_7_cast = zext i5 %i" [dilithium2/fips202.c:362]   --->   Operation 13 'zext' 'i_7_cast' <Predicate = (!icmp_ln362)> <Delay = 0.00>
ST_1 : Operation 14 [1/1] (0.00ns)   --->   "%specloopname_ln361 = specloopname void @_ssdm_op_SpecLoopName, void @empty_45" [dilithium2/fips202.c:361]   --->   Operation 14 'specloopname' 'specloopname_ln361' <Predicate = (!icmp_ln362)> <Delay = 0.00>
ST_1 : Operation 15 [1/1] (0.00ns)   --->   "%state_s_addr = getelementptr i64 %state_s, i64 0, i64 %i_7_cast" [dilithium2/fips202.c:363]   --->   Operation 15 'getelementptr' 'state_s_addr' <Predicate = (!icmp_ln362)> <Delay = 0.00>
ST_1 : Operation 16 [1/1] (2.77ns)   --->   "%store_ln363 = store i64 0, i5 %state_s_addr" [dilithium2/fips202.c:363]   --->   Operation 16 'store' 'store_ln363' <Predicate = (!icmp_ln362)> <Delay = 2.77> <CoreInst = "RAM">   --->   Core 82 'RAM' <Latency = 1> <II = 1> <Delay = 2.77> <Storage> <Opcode : 'load' 'store'> <Ports = 2> <Width = 64> <Depth = 25> <RAM>
ST_1 : Operation 17 [1/1] (1.32ns)   --->   "%store_ln362 = store i5 %add_ln362, i5 %i_7" [dilithium2/fips202.c:362]   --->   Operation 17 'store' 'store_ln362' <Predicate = (!icmp_ln362)> <Delay = 1.32>
ST_1 : Operation 18 [1/1] (0.00ns)   --->   "%br_ln362 = br void %for.inc.i.i" [dilithium2/fips202.c:362]   --->   Operation 18 'br' 'br_ln362' <Predicate = (!icmp_ln362)> <Delay = 0.00>
ST_1 : Operation 19 [1/1] (0.00ns)   --->   "%ret_ln0 = ret"   --->   Operation 19 'ret' 'ret_ln0' <Predicate = (icmp_ln362)> <Delay = 0.00>


============================================================
+ Verbose Summary: Timing violations
============================================================
Target clock period: 50ns, clock uncertainty: 13.5ns.

 <State 1>: 3.99ns
The critical path consists of the following:
	'alloca' operation ('i') [2]  (0 ns)
	'load' operation ('i', dilithium2/fips202.c:362) on local variable 'i' [6]  (0 ns)
	'add' operation ('add_ln362', dilithium2/fips202.c:362) [10]  (1.55 ns)
	'store' operation ('store_ln362', dilithium2/fips202.c:362) of variable 'add_ln362', dilithium2/fips202.c:362 on local variable 'i' [17]  (1.32 ns)
	blocking operation 1.12 ns on control path)


============================================================
+ Verbose Summary: Binding
============================================================
N/A
* FSMD analyzer results:
  - Output states:
 - Input state : 
  - Chain level:
	State 1


============================================================
+ Verbose Summary: Datapath Resource usage 
============================================================
N/A
